RAM Allocation [bytes]
Variable                                                                          Address   Size
------------------------------------------------------------------------------------------------
numbers                                                                           0x0260      10
s                                                                                 0x026A       2
m                                                                                 0x026C       2
h                                                                                 0x026E       2
k                                                                                 0x0270       2
h1                                                                                0x0272       2
h2                                                                                0x0274       2
m1                                                                                0x0276       2
m2                                                                                0x0278       2
s1                                                                                0x027A       2
s2                                                                                0x027C       2

EEPROM Allocation [bytes]
Variable                                                                          Address   Size
------------------------------------------------------------------------------------------------

Register Allocation
Variable                                                                          Register  Size
------------------------------------------------------------------------------------------------

FLASH Allocation [words]
Function                                                                          Address   Size
------------------------------------------------------------------------------------------------
segment_display                                                                   0x00060     37
display                                                                           0x00085     37
main                                                                              0x000AA    132
