
AVRASM ver. 2.1.30  C:\Users\MHTrXz\Desktop\ATMEGA32\New folder\Debug\List\lcd-clocl.asm Fri Jun 14 23:12:46 2024

C:\Users\MHTrXz\Desktop\ATMEGA32\New folder\Debug\List\lcd-clocl.asm(1088): warning: Register r4 already defined by the .DEF directive
C:\Users\MHTrXz\Desktop\ATMEGA32\New folder\Debug\List\lcd-clocl.asm(1089): warning: Register r5 already defined by the .DEF directive
C:\Users\MHTrXz\Desktop\ATMEGA32\New folder\Debug\List\lcd-clocl.asm(1090): warning: Register r6 already defined by the .DEF directive
C:\Users\MHTrXz\Desktop\ATMEGA32\New folder\Debug\List\lcd-clocl.asm(1091): warning: Register r7 already defined by the .DEF directive
C:\Users\MHTrXz\Desktop\ATMEGA32\New folder\Debug\List\lcd-clocl.asm(1092): warning: Register r8 already defined by the .DEF directive
C:\Users\MHTrXz\Desktop\ATMEGA32\New folder\Debug\List\lcd-clocl.asm(1093): warning: Register r9 already defined by the .DEF directive
C:\Users\MHTrXz\Desktop\ATMEGA32\New folder\Debug\List\lcd-clocl.asm(1094): warning: Register r11 already defined by the .DEF directive
C:\Users\MHTrXz\Desktop\ATMEGA32\New folder\Debug\List\lcd-clocl.asm(1095): warning: Register r10 already defined by the .DEF directive
C:\Users\MHTrXz\Desktop\ATMEGA32\New folder\Debug\List\lcd-clocl.asm(1096): warning: Register r13 already defined by the .DEF directive
                 
                 
                 ;CodeVisionAVR C Compiler V3.14 Advanced
                 ;(C) Copyright 1998-2014 Pavel Haiduc, HP InfoTech s.r.l.
                 ;http://www.hpinfotech.com
                 
                 ;Build configuration    : Debug
                 ;Chip type              : ATmega32
                 ;Program type           : Application
                 ;Clock frequency        : 11.059200 MHz
                 ;Memory model           : Small
                 ;Optimize for           : Size
                 ;(s)printf features     : int, width
                 ;(s)scanf features      : int, width
                 ;External RAM size      : 0
                 ;Data Stack size        : 512 byte(s)
                 ;Heap size              : 0 byte(s)
                 ;Promote 'char' to 'int': Yes
                 ;'char' is unsigned     : Yes
                 ;8 bit enums            : Yes
                 ;Global 'const' stored in FLASH: Yes
                 ;Enhanced function parameter passing: Yes
                 ;Enhanced core instructions: On
                 ;Automatic register allocation for global variables: On
                 ;Smart register allocation: On
                 
                 	#define _MODEL_SMALL_
                 
                 	#pragma AVRPART ADMIN PART_NAME ATmega32
                 	#pragma AVRPART MEMORY PROG_FLASH 32768
                 	#pragma AVRPART MEMORY EEPROM 1024
                 	#pragma AVRPART MEMORY INT_SRAM SIZE 2048
                 	#pragma AVRPART MEMORY INT_SRAM START_ADDR 0x60
                 
                 	#define CALL_SUPPORTED 1
                 
                 	.LISTMAC
                 	.EQU UDRE=0x5
                 	.EQU RXC=0x7
                 	.EQU USR=0xB
                 	.EQU UDR=0xC
                 	.EQU SPSR=0xE
                 	.EQU SPDR=0xF
                 	.EQU EERE=0x0
                 	.EQU EEWE=0x1
                 	.EQU EEMWE=0x2
                 	.EQU EECR=0x1C
                 	.EQU EEDR=0x1D
                 	.EQU EEARL=0x1E
                 	.EQU EEARH=0x1F
                 	.EQU WDTCR=0x21
                 	.EQU MCUCR=0x35
                 	.EQU GICR=0x3B
                 	.EQU SPL=0x3D
                 	.EQU SPH=0x3E
                 	.EQU SREG=0x3F
                 
                 	.DEF R0X0=R0
                 	.DEF R0X1=R1
                 	.DEF R0X2=R2
                 	.DEF R0X3=R3
                 	.DEF R0X4=R4
                 	.DEF R0X5=R5
                 	.DEF R0X6=R6
                 	.DEF R0X7=R7
                 	.DEF R0X8=R8
                 	.DEF R0X9=R9
                 	.DEF R0XA=R10
                 	.DEF R0XB=R11
                 	.DEF R0XC=R12
                 	.DEF R0XD=R13
                 	.DEF R0XE=R14
                 	.DEF R0XF=R15
                 	.DEF R0X10=R16
                 	.DEF R0X11=R17
                 	.DEF R0X12=R18
                 	.DEF R0X13=R19
                 	.DEF R0X14=R20
                 	.DEF R0X15=R21
                 	.DEF R0X16=R22
                 	.DEF R0X17=R23
                 	.DEF R0X18=R24
                 	.DEF R0X19=R25
                 	.DEF R0X1A=R26
                 	.DEF R0X1B=R27
                 	.DEF R0X1C=R28
                 	.DEF R0X1D=R29
                 	.DEF R0X1E=R30
                 	.DEF R0X1F=R31
                 
                 	.EQU __SRAM_START=0x0060
                 	.EQU __SRAM_END=0x085F
                 	.EQU __DSTACK_SIZE=0x0200
                 	.EQU __HEAP_SIZE=0x0000
                 	.EQU __CLEAR_SRAM_SIZE=__SRAM_END-__SRAM_START+1
                 
                 	.MACRO __CPD1N
                 	CPI  R30,LOW(@0)
                 	LDI  R26,HIGH(@0)
                 	CPC  R31,R26
                 	LDI  R26,BYTE3(@0)
                 	CPC  R22,R26
                 	LDI  R26,BYTE4(@0)
                 	CPC  R23,R26
                 	.ENDM
                 
                 	.MACRO __CPD2N
                 	CPI  R26,LOW(@0)
                 	LDI  R30,HIGH(@0)
                 	CPC  R27,R30
                 	LDI  R30,BYTE3(@0)
                 	CPC  R24,R30
                 	LDI  R30,BYTE4(@0)
                 	CPC  R25,R30
                 	.ENDM
                 
                 	.MACRO __CPWRR
                 	CP   R@0,R@2
                 	CPC  R@1,R@3
                 	.ENDM
                 
                 	.MACRO __CPWRN
                 	CPI  R@0,LOW(@2)
                 	LDI  R30,HIGH(@2)
                 	CPC  R@1,R30
                 	.ENDM
                 
                 	.MACRO __ADDB1MN
                 	SUBI R30,LOW(-@0-(@1))
                 	.ENDM
                 
                 	.MACRO __ADDB2MN
                 	SUBI R26,LOW(-@0-(@1))
                 	.ENDM
                 
                 	.MACRO __ADDW1MN
                 	SUBI R30,LOW(-@0-(@1))
                 	SBCI R31,HIGH(-@0-(@1))
                 	.ENDM
                 
                 	.MACRO __ADDW2MN
                 	SUBI R26,LOW(-@0-(@1))
                 	SBCI R27,HIGH(-@0-(@1))
                 	.ENDM
                 
                 	.MACRO __ADDW1FN
                 	SUBI R30,LOW(-2*@0-(@1))
                 	SBCI R31,HIGH(-2*@0-(@1))
                 	.ENDM
                 
                 	.MACRO __ADDD1FN
                 	SUBI R30,LOW(-2*@0-(@1))
                 	SBCI R31,HIGH(-2*@0-(@1))
                 	SBCI R22,BYTE3(-2*@0-(@1))
                 	.ENDM
                 
                 	.MACRO __ADDD1N
                 	SUBI R30,LOW(-@0)
                 	SBCI R31,HIGH(-@0)
                 	SBCI R22,BYTE3(-@0)
                 	SBCI R23,BYTE4(-@0)
                 	.ENDM
                 
                 	.MACRO __ADDD2N
                 	SUBI R26,LOW(-@0)
                 	SBCI R27,HIGH(-@0)
                 	SBCI R24,BYTE3(-@0)
                 	SBCI R25,BYTE4(-@0)
                 	.ENDM
                 
                 	.MACRO __SUBD1N
                 	SUBI R30,LOW(@0)
                 	SBCI R31,HIGH(@0)
                 	SBCI R22,BYTE3(@0)
                 	SBCI R23,BYTE4(@0)
                 	.ENDM
                 
                 	.MACRO __SUBD2N
                 	SUBI R26,LOW(@0)
                 	SBCI R27,HIGH(@0)
                 	SBCI R24,BYTE3(@0)
                 	SBCI R25,BYTE4(@0)
                 	.ENDM
                 
                 	.MACRO __ANDBMNN
                 	LDS  R30,@0+(@1)
                 	ANDI R30,LOW(@2)
                 	STS  @0+(@1),R30
                 	.ENDM
                 
                 	.MACRO __ANDWMNN
                 	LDS  R30,@0+(@1)
                 	ANDI R30,LOW(@2)
                 	STS  @0+(@1),R30
                 	LDS  R30,@0+(@1)+1
                 	ANDI R30,HIGH(@2)
                 	STS  @0+(@1)+1,R30
                 	.ENDM
                 
                 	.MACRO __ANDD1N
                 	ANDI R30,LOW(@0)
                 	ANDI R31,HIGH(@0)
                 	ANDI R22,BYTE3(@0)
                 	ANDI R23,BYTE4(@0)
                 	.ENDM
                 
                 	.MACRO __ANDD2N
                 	ANDI R26,LOW(@0)
                 	ANDI R27,HIGH(@0)
                 	ANDI R24,BYTE3(@0)
                 	ANDI R25,BYTE4(@0)
                 	.ENDM
                 
                 	.MACRO __ORBMNN
                 	LDS  R30,@0+(@1)
                 	ORI  R30,LOW(@2)
                 	STS  @0+(@1),R30
                 	.ENDM
                 
                 	.MACRO __ORWMNN
                 	LDS  R30,@0+(@1)
                 	ORI  R30,LOW(@2)
                 	STS  @0+(@1),R30
                 	LDS  R30,@0+(@1)+1
                 	ORI  R30,HIGH(@2)
                 	STS  @0+(@1)+1,R30
                 	.ENDM
                 
                 	.MACRO __ORD1N
                 	ORI  R30,LOW(@0)
                 	ORI  R31,HIGH(@0)
                 	ORI  R22,BYTE3(@0)
                 	ORI  R23,BYTE4(@0)
                 	.ENDM
                 
                 	.MACRO __ORD2N
                 	ORI  R26,LOW(@0)
                 	ORI  R27,HIGH(@0)
                 	ORI  R24,BYTE3(@0)
                 	ORI  R25,BYTE4(@0)
                 	.ENDM
                 
                 	.MACRO __DELAY_USB
                 	LDI  R24,LOW(@0)
                 __DELAY_USB_LOOP:
                 	DEC  R24
                 	BRNE __DELAY_USB_LOOP
                 	.ENDM
                 
                 	.MACRO __DELAY_USW
                 	LDI  R24,LOW(@0)
                 	LDI  R25,HIGH(@0)
                 __DELAY_USW_LOOP:
                 	SBIW R24,1
                 	BRNE __DELAY_USW_LOOP
                 	.ENDM
                 
                 	.MACRO __GETD1S
                 	LDD  R30,Y+@0
                 	LDD  R31,Y+@0+1
                 	LDD  R22,Y+@0+2
                 	LDD  R23,Y+@0+3
                 	.ENDM
                 
                 	.MACRO __GETD2S
                 	LDD  R26,Y+@0
                 	LDD  R27,Y+@0+1
                 	LDD  R24,Y+@0+2
                 	LDD  R25,Y+@0+3
                 	.ENDM
                 
                 	.MACRO __PUTD1S
                 	STD  Y+@0,R30
                 	STD  Y+@0+1,R31
                 	STD  Y+@0+2,R22
                 	STD  Y+@0+3,R23
                 	.ENDM
                 
                 	.MACRO __PUTD2S
                 	STD  Y+@0,R26
                 	STD  Y+@0+1,R27
                 	STD  Y+@0+2,R24
                 	STD  Y+@0+3,R25
                 	.ENDM
                 
                 	.MACRO __PUTDZ2
                 	STD  Z+@0,R26
                 	STD  Z+@0+1,R27
                 	STD  Z+@0+2,R24
                 	STD  Z+@0+3,R25
                 	.ENDM
                 
                 	.MACRO __CLRD1S
                 	STD  Y+@0,R30
                 	STD  Y+@0+1,R30
                 	STD  Y+@0+2,R30
                 	STD  Y+@0+3,R30
                 	.ENDM
                 
                 	.MACRO __POINTB1MN
                 	LDI  R30,LOW(@0+(@1))
                 	.ENDM
                 
                 	.MACRO __POINTW1MN
                 	LDI  R30,LOW(@0+(@1))
                 	LDI  R31,HIGH(@0+(@1))
                 	.ENDM
                 
                 	.MACRO __POINTD1M
                 	LDI  R30,LOW(@0)
                 	LDI  R31,HIGH(@0)
                 	LDI  R22,BYTE3(@0)
                 	LDI  R23,BYTE4(@0)
                 	.ENDM
                 
                 	.MACRO __POINTW1FN
                 	LDI  R30,LOW(2*@0+(@1))
                 	LDI  R31,HIGH(2*@0+(@1))
                 	.ENDM
                 
                 	.MACRO __POINTD1FN
                 	LDI  R30,LOW(2*@0+(@1))
                 	LDI  R31,HIGH(2*@0+(@1))
                 	LDI  R22,BYTE3(2*@0+(@1))
                 	LDI  R23,BYTE4(2*@0+(@1))
                 	.ENDM
                 
                 	.MACRO __POINTB2MN
                 	LDI  R26,LOW(@0+(@1))
                 	.ENDM
                 
                 	.MACRO __POINTW2MN
                 	LDI  R26,LOW(@0+(@1))
                 	LDI  R27,HIGH(@0+(@1))
                 	.ENDM
                 
                 	.MACRO __POINTW2FN
                 	LDI  R26,LOW(2*@0+(@1))
                 	LDI  R27,HIGH(2*@0+(@1))
                 	.ENDM
                 
                 	.MACRO __POINTD2FN
                 	LDI  R26,LOW(2*@0+(@1))
                 	LDI  R27,HIGH(2*@0+(@1))
                 	LDI  R24,BYTE3(2*@0+(@1))
                 	LDI  R25,BYTE4(2*@0+(@1))
                 	.ENDM
                 
                 	.MACRO __POINTBRM
                 	LDI  R@0,LOW(@1)
                 	.ENDM
                 
                 	.MACRO __POINTWRM
                 	LDI  R@0,LOW(@2)
                 	LDI  R@1,HIGH(@2)
                 	.ENDM
                 
                 	.MACRO __POINTBRMN
                 	LDI  R@0,LOW(@1+(@2))
                 	.ENDM
                 
                 	.MACRO __POINTWRMN
                 	LDI  R@0,LOW(@2+(@3))
                 	LDI  R@1,HIGH(@2+(@3))
                 	.ENDM
                 
                 	.MACRO __POINTWRFN
                 	LDI  R@0,LOW(@2*2+(@3))
                 	LDI  R@1,HIGH(@2*2+(@3))
                 	.ENDM
                 
                 	.MACRO __GETD1N
                 	LDI  R30,LOW(@0)
                 	LDI  R31,HIGH(@0)
                 	LDI  R22,BYTE3(@0)
                 	LDI  R23,BYTE4(@0)
                 	.ENDM
                 
                 	.MACRO __GETD2N
                 	LDI  R26,LOW(@0)
                 	LDI  R27,HIGH(@0)
                 	LDI  R24,BYTE3(@0)
                 	LDI  R25,BYTE4(@0)
                 	.ENDM
                 
                 	.MACRO __GETB1MN
                 	LDS  R30,@0+(@1)
                 	.ENDM
                 
                 	.MACRO __GETB1HMN
                 	LDS  R31,@0+(@1)
                 	.ENDM
                 
                 	.MACRO __GETW1MN
                 	LDS  R30,@0+(@1)
                 	LDS  R31,@0+(@1)+1
                 	.ENDM
                 
                 	.MACRO __GETD1MN
                 	LDS  R30,@0+(@1)
                 	LDS  R31,@0+(@1)+1
                 	LDS  R22,@0+(@1)+2
                 	LDS  R23,@0+(@1)+3
                 	.ENDM
                 
                 	.MACRO __GETBRMN
                 	LDS  R@0,@1+(@2)
                 	.ENDM
                 
                 	.MACRO __GETWRMN
                 	LDS  R@0,@2+(@3)
                 	LDS  R@1,@2+(@3)+1
                 	.ENDM
                 
                 	.MACRO __GETWRZ
                 	LDD  R@0,Z+@2
                 	LDD  R@1,Z+@2+1
                 	.ENDM
                 
                 	.MACRO __GETD2Z
                 	LDD  R26,Z+@0
                 	LDD  R27,Z+@0+1
                 	LDD  R24,Z+@0+2
                 	LDD  R25,Z+@0+3
                 	.ENDM
                 
                 	.MACRO __GETB2MN
                 	LDS  R26,@0+(@1)
                 	.ENDM
                 
                 	.MACRO __GETW2MN
                 	LDS  R26,@0+(@1)
                 	LDS  R27,@0+(@1)+1
                 	.ENDM
                 
                 	.MACRO __GETD2MN
                 	LDS  R26,@0+(@1)
                 	LDS  R27,@0+(@1)+1
                 	LDS  R24,@0+(@1)+2
                 	LDS  R25,@0+(@1)+3
                 	.ENDM
                 
                 	.MACRO __PUTB1MN
                 	STS  @0+(@1),R30
                 	.ENDM
                 
                 	.MACRO __PUTW1MN
                 	STS  @0+(@1),R30
                 	STS  @0+(@1)+1,R31
                 	.ENDM
                 
                 	.MACRO __PUTD1MN
                 	STS  @0+(@1),R30
                 	STS  @0+(@1)+1,R31
                 	STS  @0+(@1)+2,R22
                 	STS  @0+(@1)+3,R23
                 	.ENDM
                 
                 	.MACRO __PUTB1EN
                 	LDI  R26,LOW(@0+(@1))
                 	LDI  R27,HIGH(@0+(@1))
                 	CALL __EEPROMWRB
                 	.ENDM
                 
                 	.MACRO __PUTW1EN
                 	LDI  R26,LOW(@0+(@1))
                 	LDI  R27,HIGH(@0+(@1))
                 	CALL __EEPROMWRW
                 	.ENDM
                 
                 	.MACRO __PUTD1EN
                 	LDI  R26,LOW(@0+(@1))
                 	LDI  R27,HIGH(@0+(@1))
                 	CALL __EEPROMWRD
                 	.ENDM
                 
                 	.MACRO __PUTBR0MN
                 	STS  @0+(@1),R0
                 	.ENDM
                 
                 	.MACRO __PUTBMRN
                 	STS  @0+(@1),R@2
                 	.ENDM
                 
                 	.MACRO __PUTWMRN
                 	STS  @0+(@1),R@2
                 	STS  @0+(@1)+1,R@3
                 	.ENDM
                 
                 	.MACRO __PUTBZR
                 	STD  Z+@1,R@0
                 	.ENDM
                 
                 	.MACRO __PUTWZR
                 	STD  Z+@2,R@0
                 	STD  Z+@2+1,R@1
                 	.ENDM
                 
                 	.MACRO __GETW1R
                 	MOV  R30,R@0
                 	MOV  R31,R@1
                 	.ENDM
                 
                 	.MACRO __GETW2R
                 	MOV  R26,R@0
                 	MOV  R27,R@1
                 	.ENDM
                 
                 	.MACRO __GETWRN
                 	LDI  R@0,LOW(@2)
                 	LDI  R@1,HIGH(@2)
                 	.ENDM
                 
                 	.MACRO __PUTW1R
                 	MOV  R@0,R30
                 	MOV  R@1,R31
                 	.ENDM
                 
                 	.MACRO __PUTW2R
                 	MOV  R@0,R26
                 	MOV  R@1,R27
                 	.ENDM
                 
                 	.MACRO __ADDWRN
                 	SUBI R@0,LOW(-@2)
                 	SBCI R@1,HIGH(-@2)
                 	.ENDM
                 
                 	.MACRO __ADDWRR
                 	ADD  R@0,R@2
                 	ADC  R@1,R@3
                 	.ENDM
                 
                 	.MACRO __SUBWRN
                 	SUBI R@0,LOW(@2)
                 	SBCI R@1,HIGH(@2)
                 	.ENDM
                 
                 	.MACRO __SUBWRR
                 	SUB  R@0,R@2
                 	SBC  R@1,R@3
                 	.ENDM
                 
                 	.MACRO __ANDWRN
                 	ANDI R@0,LOW(@2)
                 	ANDI R@1,HIGH(@2)
                 	.ENDM
                 
                 	.MACRO __ANDWRR
                 	AND  R@0,R@2
                 	AND  R@1,R@3
                 	.ENDM
                 
                 	.MACRO __ORWRN
                 	ORI  R@0,LOW(@2)
                 	ORI  R@1,HIGH(@2)
                 	.ENDM
                 
                 	.MACRO __ORWRR
                 	OR   R@0,R@2
                 	OR   R@1,R@3
                 	.ENDM
                 
                 	.MACRO __EORWRR
                 	EOR  R@0,R@2
                 	EOR  R@1,R@3
                 	.ENDM
                 
                 	.MACRO __GETWRS
                 	LDD  R@0,Y+@2
                 	LDD  R@1,Y+@2+1
                 	.ENDM
                 
                 	.MACRO __PUTBSR
                 	STD  Y+@1,R@0
                 	.ENDM
                 
                 	.MACRO __PUTWSR
                 	STD  Y+@2,R@0
                 	STD  Y+@2+1,R@1
                 	.ENDM
                 
                 	.MACRO __MOVEWRR
                 	MOV  R@0,R@2
                 	MOV  R@1,R@3
                 	.ENDM
                 
                 	.MACRO __INWR
                 	IN   R@0,@2
                 	IN   R@1,@2+1
                 	.ENDM
                 
                 	.MACRO __OUTWR
                 	OUT  @2+1,R@1
                 	OUT  @2,R@0
                 	.ENDM
                 
                 	.MACRO __CALL1MN
                 	LDS  R30,@0+(@1)
                 	LDS  R31,@0+(@1)+1
                 	ICALL
                 	.ENDM
                 
                 	.MACRO __CALL1FN
                 	LDI  R30,LOW(2*@0+(@1))
                 	LDI  R31,HIGH(2*@0+(@1))
                 	CALL __GETW1PF
                 	ICALL
                 	.ENDM
                 
                 	.MACRO __CALL2EN
                 	PUSH R26
                 	PUSH R27
                 	LDI  R26,LOW(@0+(@1))
                 	LDI  R27,HIGH(@0+(@1))
                 	CALL __EEPROMRDW
                 	POP  R27
                 	POP  R26
                 	ICALL
                 	.ENDM
                 
                 	.MACRO __CALL2EX
                 	SUBI R26,LOW(-@0)
                 	SBCI R27,HIGH(-@0)
                 	CALL __EEPROMRDD
                 	ICALL
                 	.ENDM
                 
                 	.MACRO __GETW1STACK
                 	IN   R30,SPL
                 	IN   R31,SPH
                 	ADIW R30,@0+1
                 	LD   R0,Z+
                 	LD   R31,Z
                 	MOV  R30,R0
                 	.ENDM
                 
                 	.MACRO __GETD1STACK
                 	IN   R30,SPL
                 	IN   R31,SPH
                 	ADIW R30,@0+1
                 	LD   R0,Z+
                 	LD   R1,Z+
                 	LD   R22,Z
                 	MOVW R30,R0
                 	.ENDM
                 
                 	.MACRO __NBST
                 	BST  R@0,@1
                 	IN   R30,SREG
                 	LDI  R31,0x40
                 	EOR  R30,R31
                 	OUT  SREG,R30
                 	.ENDM
                 
                 
                 	.MACRO __PUTB1SN
                 	LDD  R26,Y+@0
                 	LDD  R27,Y+@0+1
                 	SUBI R26,LOW(-@1)
                 	SBCI R27,HIGH(-@1)
                 	ST   X,R30
                 	.ENDM
                 
                 	.MACRO __PUTW1SN
                 	LDD  R26,Y+@0
                 	LDD  R27,Y+@0+1
                 	SUBI R26,LOW(-@1)
                 	SBCI R27,HIGH(-@1)
                 	ST   X+,R30
                 	ST   X,R31
                 	.ENDM
                 
                 	.MACRO __PUTD1SN
                 	LDD  R26,Y+@0
                 	LDD  R27,Y+@0+1
                 	SUBI R26,LOW(-@1)
                 	SBCI R27,HIGH(-@1)
                 	CALL __PUTDP1
                 	.ENDM
                 
                 	.MACRO __PUTB1SNS
                 	LDD  R26,Y+@0
                 	LDD  R27,Y+@0+1
                 	ADIW R26,@1
                 	ST   X,R30
                 	.ENDM
                 
                 	.MACRO __PUTW1SNS
                 	LDD  R26,Y+@0
                 	LDD  R27,Y+@0+1
                 	ADIW R26,@1
                 	ST   X+,R30
                 	ST   X,R31
                 	.ENDM
                 
                 	.MACRO __PUTD1SNS
                 	LDD  R26,Y+@0
                 	LDD  R27,Y+@0+1
                 	ADIW R26,@1
                 	CALL __PUTDP1
                 	.ENDM
                 
                 	.MACRO __PUTB1PMN
                 	LDS  R26,@0
                 	LDS  R27,@0+1
                 	SUBI R26,LOW(-@1)
                 	SBCI R27,HIGH(-@1)
                 	ST   X,R30
                 	.ENDM
                 
                 	.MACRO __PUTW1PMN
                 	LDS  R26,@0
                 	LDS  R27,@0+1
                 	SUBI R26,LOW(-@1)
                 	SBCI R27,HIGH(-@1)
                 	ST   X+,R30
                 	ST   X,R31
                 	.ENDM
                 
                 	.MACRO __PUTD1PMN
                 	LDS  R26,@0
                 	LDS  R27,@0+1
                 	SUBI R26,LOW(-@1)
                 	SBCI R27,HIGH(-@1)
                 	CALL __PUTDP1
                 	.ENDM
                 
                 	.MACRO __PUTB1PMNS
                 	LDS  R26,@0
                 	LDS  R27,@0+1
                 	ADIW R26,@1
                 	ST   X,R30
                 	.ENDM
                 
                 	.MACRO __PUTW1PMNS
                 	LDS  R26,@0
                 	LDS  R27,@0+1
                 	ADIW R26,@1
                 	ST   X+,R30
                 	ST   X,R31
                 	.ENDM
                 
                 	.MACRO __PUTD1PMNS
                 	LDS  R26,@0
                 	LDS  R27,@0+1
                 	ADIW R26,@1
                 	CALL __PUTDP1
                 	.ENDM
                 
                 	.MACRO __PUTB1RN
                 	MOVW R26,R@0
                 	SUBI R26,LOW(-@1)
                 	SBCI R27,HIGH(-@1)
                 	ST   X,R30
                 	.ENDM
                 
                 	.MACRO __PUTW1RN
                 	MOVW R26,R@0
                 	SUBI R26,LOW(-@1)
                 	SBCI R27,HIGH(-@1)
                 	ST   X+,R30
                 	ST   X,R31
                 	.ENDM
                 
                 	.MACRO __PUTD1RN
                 	MOVW R26,R@0
                 	SUBI R26,LOW(-@1)
                 	SBCI R27,HIGH(-@1)
                 	CALL __PUTDP1
                 	.ENDM
                 
                 	.MACRO __PUTB1RNS
                 	MOVW R26,R@0
                 	ADIW R26,@1
                 	ST   X,R30
                 	.ENDM
                 
                 	.MACRO __PUTW1RNS
                 	MOVW R26,R@0
                 	ADIW R26,@1
                 	ST   X+,R30
                 	ST   X,R31
                 	.ENDM
                 
                 	.MACRO __PUTD1RNS
                 	MOVW R26,R@0
                 	ADIW R26,@1
                 	CALL __PUTDP1
                 	.ENDM
                 
                 	.MACRO __PUTB1RON
                 	MOV  R26,R@0
                 	MOV  R27,R@1
                 	SUBI R26,LOW(-@2)
                 	SBCI R27,HIGH(-@2)
                 	ST   X,R30
                 	.ENDM
                 
                 	.MACRO __PUTW1RON
                 	MOV  R26,R@0
                 	MOV  R27,R@1
                 	SUBI R26,LOW(-@2)
                 	SBCI R27,HIGH(-@2)
                 	ST   X+,R30
                 	ST   X,R31
                 	.ENDM
                 
                 	.MACRO __PUTD1RON
                 	MOV  R26,R@0
                 	MOV  R27,R@1
                 	SUBI R26,LOW(-@2)
                 	SBCI R27,HIGH(-@2)
                 	CALL __PUTDP1
                 	.ENDM
                 
                 	.MACRO __PUTB1RONS
                 	MOV  R26,R@0
                 	MOV  R27,R@1
                 	ADIW R26,@2
                 	ST   X,R30
                 	.ENDM
                 
                 	.MACRO __PUTW1RONS
                 	MOV  R26,R@0
                 	MOV  R27,R@1
                 	ADIW R26,@2
                 	ST   X+,R30
                 	ST   X,R31
                 	.ENDM
                 
                 	.MACRO __PUTD1RONS
                 	MOV  R26,R@0
                 	MOV  R27,R@1
                 	ADIW R26,@2
                 	CALL __PUTDP1
                 	.ENDM
                 
                 
                 	.MACRO __GETB1SX
                 	MOVW R30,R28
                 	SUBI R30,LOW(-@0)
                 	SBCI R31,HIGH(-@0)
                 	LD   R30,Z
                 	.ENDM
                 
                 	.MACRO __GETB1HSX
                 	MOVW R30,R28
                 	SUBI R30,LOW(-@0)
                 	SBCI R31,HIGH(-@0)
                 	LD   R31,Z
                 	.ENDM
                 
                 	.MACRO __GETW1SX
                 	MOVW R30,R28
                 	SUBI R30,LOW(-@0)
                 	SBCI R31,HIGH(-@0)
                 	LD   R0,Z+
                 	LD   R31,Z
                 	MOV  R30,R0
                 	.ENDM
                 
                 	.MACRO __GETD1SX
                 	MOVW R30,R28
                 	SUBI R30,LOW(-@0)
                 	SBCI R31,HIGH(-@0)
                 	LD   R0,Z+
                 	LD   R1,Z+
                 	LD   R22,Z+
                 	LD   R23,Z
                 	MOVW R30,R0
                 	.ENDM
                 
                 	.MACRO __GETB2SX
                 	MOVW R26,R28
                 	SUBI R26,LOW(-@0)
                 	SBCI R27,HIGH(-@0)
                 	LD   R26,X
                 	.ENDM
                 
                 	.MACRO __GETW2SX
                 	MOVW R26,R28
                 	SUBI R26,LOW(-@0)
                 	SBCI R27,HIGH(-@0)
                 	LD   R0,X+
                 	LD   R27,X
                 	MOV  R26,R0
                 	.ENDM
                 
                 	.MACRO __GETD2SX
                 	MOVW R26,R28
                 	SUBI R26,LOW(-@0)
                 	SBCI R27,HIGH(-@0)
                 	LD   R0,X+
                 	LD   R1,X+
                 	LD   R24,X+
                 	LD   R25,X
                 	MOVW R26,R0
                 	.ENDM
                 
                 	.MACRO __GETBRSX
                 	MOVW R30,R28
                 	SUBI R30,LOW(-@1)
                 	SBCI R31,HIGH(-@1)
                 	LD   R@0,Z
                 	.ENDM
                 
                 	.MACRO __GETWRSX
                 	MOVW R30,R28
                 	SUBI R30,LOW(-@2)
                 	SBCI R31,HIGH(-@2)
                 	LD   R@0,Z+
                 	LD   R@1,Z
                 	.ENDM
                 
                 	.MACRO __GETBRSX2
                 	MOVW R26,R28
                 	SUBI R26,LOW(-@1)
                 	SBCI R27,HIGH(-@1)
                 	LD   R@0,X
                 	.ENDM
                 
                 	.MACRO __GETWRSX2
                 	MOVW R26,R28
                 	SUBI R26,LOW(-@2)
                 	SBCI R27,HIGH(-@2)
                 	LD   R@0,X+
                 	LD   R@1,X
                 	.ENDM
                 
                 	.MACRO __LSLW8SX
                 	MOVW R30,R28
                 	SUBI R30,LOW(-@0)
                 	SBCI R31,HIGH(-@0)
                 	LD   R31,Z
                 	CLR  R30
                 	.ENDM
                 
                 	.MACRO __PUTB1SX
                 	MOVW R26,R28
                 	SUBI R26,LOW(-@0)
                 	SBCI R27,HIGH(-@0)
                 	ST   X,R30
                 	.ENDM
                 
                 	.MACRO __PUTW1SX
                 	MOVW R26,R28
                 	SUBI R26,LOW(-@0)
                 	SBCI R27,HIGH(-@0)
                 	ST   X+,R30
                 	ST   X,R31
                 	.ENDM
                 
                 	.MACRO __PUTD1SX
                 	MOVW R26,R28
                 	SUBI R26,LOW(-@0)
                 	SBCI R27,HIGH(-@0)
                 	ST   X+,R30
                 	ST   X+,R31
                 	ST   X+,R22
                 	ST   X,R23
                 	.ENDM
                 
                 	.MACRO __CLRW1SX
                 	MOVW R26,R28
                 	SUBI R26,LOW(-@0)
                 	SBCI R27,HIGH(-@0)
                 	ST   X+,R30
                 	ST   X,R30
                 	.ENDM
                 
                 	.MACRO __CLRD1SX
                 	MOVW R26,R28
                 	SUBI R26,LOW(-@0)
                 	SBCI R27,HIGH(-@0)
                 	ST   X+,R30
                 	ST   X+,R30
                 	ST   X+,R30
                 	ST   X,R30
                 	.ENDM
                 
                 	.MACRO __PUTB2SX
                 	MOVW R30,R28
                 	SUBI R30,LOW(-@0)
                 	SBCI R31,HIGH(-@0)
                 	ST   Z,R26
                 	.ENDM
                 
                 	.MACRO __PUTW2SX
                 	MOVW R30,R28
                 	SUBI R30,LOW(-@0)
                 	SBCI R31,HIGH(-@0)
                 	ST   Z+,R26
                 	ST   Z,R27
                 	.ENDM
                 
                 	.MACRO __PUTD2SX
                 	MOVW R30,R28
                 	SUBI R30,LOW(-@0)
                 	SBCI R31,HIGH(-@0)
                 	ST   Z+,R26
                 	ST   Z+,R27
                 	ST   Z+,R24
                 	ST   Z,R25
                 	.ENDM
                 
                 	.MACRO __PUTBSRX
                 	MOVW R30,R28
                 	SUBI R30,LOW(-@1)
                 	SBCI R31,HIGH(-@1)
                 	ST   Z,R@0
                 	.ENDM
                 
                 	.MACRO __PUTWSRX
                 	MOVW R30,R28
                 	SUBI R30,LOW(-@2)
                 	SBCI R31,HIGH(-@2)
                 	ST   Z+,R@0
                 	ST   Z,R@1
                 	.ENDM
                 
                 	.MACRO __PUTB1SNX
                 	MOVW R26,R28
                 	SUBI R26,LOW(-@0)
                 	SBCI R27,HIGH(-@0)
                 	LD   R0,X+
                 	LD   R27,X
                 	MOV  R26,R0
                 	SUBI R26,LOW(-@1)
                 	SBCI R27,HIGH(-@1)
                 	ST   X,R30
                 	.ENDM
                 
                 	.MACRO __PUTW1SNX
                 	MOVW R26,R28
                 	SUBI R26,LOW(-@0)
                 	SBCI R27,HIGH(-@0)
                 	LD   R0,X+
                 	LD   R27,X
                 	MOV  R26,R0
                 	SUBI R26,LOW(-@1)
                 	SBCI R27,HIGH(-@1)
                 	ST   X+,R30
                 	ST   X,R31
                 	.ENDM
                 
                 	.MACRO __PUTD1SNX
                 	MOVW R26,R28
                 	SUBI R26,LOW(-@0)
                 	SBCI R27,HIGH(-@0)
                 	LD   R0,X+
                 	LD   R27,X
                 	MOV  R26,R0
                 	SUBI R26,LOW(-@1)
                 	SBCI R27,HIGH(-@1)
                 	ST   X+,R30
                 	ST   X+,R31
                 	ST   X+,R22
                 	ST   X,R23
                 	.ENDM
                 
                 	.MACRO __MULBRR
                 	MULS R@0,R@1
                 	MOVW R30,R0
                 	.ENDM
                 
                 	.MACRO __MULBRRU
                 	MUL  R@0,R@1
                 	MOVW R30,R0
                 	.ENDM
                 
                 	.MACRO __MULBRR0
                 	MULS R@0,R@1
                 	.ENDM
                 
                 	.MACRO __MULBRRU0
                 	MUL  R@0,R@1
                 	.ENDM
                 
                 	.MACRO __MULBNWRU
                 	LDI  R26,@2
                 	MUL  R26,R@0
                 	MOVW R30,R0
                 	MUL  R26,R@1
                 	ADD  R31,R0
                 	.ENDM
                 
                 ;NAME DEFINITIONS FOR GLOBAL VARIABLES ALLOCATED TO REGISTERS
                 	.DEF _sec=R4
                 	.DEF _sec_msb=R5
                 	.DEF _min=R6
                 	.DEF _min_msb=R7
                 	.DEF _hour=R8
                 	.DEF _hour_msb=R9
                 	.DEF __lcd_x=R11
                 	.DEF __lcd_y=R10
                 	.DEF __lcd_maxx=R13
                 
                 	.CSEG
                 	.ORG 0x00
                 
                 ;START OF CODE MARKER
                 __START_OF_CODE:
                 
                 ;INTERRUPT VECTORS
000000 940c 0068 	JMP  __RESET
000002 940c 0000 	JMP  0x00
000004 940c 0000 	JMP  0x00
000006 940c 0000 	JMP  0x00
000008 940c 0000 	JMP  0x00
00000a 940c 0000 	JMP  0x00
00000c 940c 0000 	JMP  0x00
00000e 940c 0000 	JMP  0x00
000010 940c 0000 	JMP  0x00
000012 940c 0000 	JMP  0x00
000014 940c 0000 	JMP  0x00
000016 940c 0000 	JMP  0x00
000018 940c 0000 	JMP  0x00
00001a 940c 0000 	JMP  0x00
00001c 940c 0000 	JMP  0x00
00001e 940c 0000 	JMP  0x00
000020 940c 0000 	JMP  0x00
000022 940c 0000 	JMP  0x00
000024 940c 0000 	JMP  0x00
000026 940c 0000 	JMP  0x00
000028 940c 0000 	JMP  0x00
                 
                 _tbl10_G100:
00002a 2710
00002b 03e8
00002c 0064
00002d 000a      	.DB  0x10,0x27,0xE8,0x3,0x64,0x0,0xA,0x0
00002e 0001      	.DB  0x1,0x0
                 _tbl16_G100:
00002f 1000
000030 0100
000031 0010
000032 0001      	.DB  0x0,0x10,0x0,0x1,0x10,0x0,0x1,0x0
                 
                 _0x0:
000033 6548
000034 6c6c
000035 206f
000036 6564      	.DB  0x48,0x65,0x6C,0x6C,0x6F,0x20,0x64,0x65
000037 7261
000038 2021
000039 2769
00003a 206d      	.DB  0x61,0x72,0x21,0x20,0x69,0x27,0x6D,0x20
00003b 484d
00003c 7254
00003d 7a58
00003e 2020      	.DB  0x4D,0x48,0x54,0x72,0x58,0x7A,0x20,0x20
00003f 0020
000040 6168
000041 6168
000042 6168      	.DB  0x20,0x0,0x68,0x61,0x68,0x61,0x68,0x61
000043 6168
000044 6168
000045 6168
000046 6168      	.DB  0x68,0x61,0x68,0x61,0x68,0x61,0x68,0x61
000047 6168
000048 6168
000049 6168
00004a 6168      	.DB  0x68,0x61,0x68,0x61,0x68,0x61,0x68,0x61
00004b 6168
00004c 6168
00004d 6168
00004e 6168      	.DB  0x68,0x61,0x68,0x61,0x68,0x61,0x68,0x61
00004f 6168
000050 6168
000051 6168
000052 6168      	.DB  0x68,0x61,0x68,0x61,0x68,0x61,0x68,0x61
000053 6168
000054 2500
000055 3a64
000056 6425      	.DB  0x68,0x61,0x0,0x25,0x64,0x3A,0x25,0x64
000057 253a
000058 2064
000059 2020
00005a 3425      	.DB  0x3A,0x25,0x64,0x20,0x20,0x20,0x25,0x34
00005b 322e
00005c 0066      	.DB  0x2E,0x32,0x66,0x0
                 _0x2020003:
00005d c080      	.DB  0x80,0xC0
                 
                 __GLOBAL_INI_TBL:
00005e 001a      	.DW  0x1A
00005f 0260      	.DW  _0x3
000060 0066      	.DW  _0x0*2
                 
000061 0029      	.DW  0x29
000062 027a      	.DW  _0x3+26
000063 0080      	.DW  _0x0*2+26
                 
000064 0002      	.DW  0x02
000065 02cf      	.DW  __base_y_G101
000066 00ba      	.DW  _0x2020003*2
                 
                 _0xFFFFFFFF:
000067 0000      	.DW  0
                 
                 #define __GLOBAL_INI_TBL_PRESENT 1
                 
                 __RESET:
000068 94f8      	CLI
000069 27ee      	CLR  R30
00006a bbec      	OUT  EECR,R30
                 
                 ;INTERRUPT VECTORS ARE PLACED
                 ;AT THE START OF FLASH
00006b e0f1      	LDI  R31,1
00006c bffb      	OUT  GICR,R31
00006d bfeb      	OUT  GICR,R30
00006e bfe5      	OUT  MCUCR,R30
                 
                 ;CLEAR R2-R14
00006f e08d      	LDI  R24,(14-2)+1
000070 e0a2      	LDI  R26,2
000071 27bb      	CLR  R27
                 __CLEAR_REG:
000072 93ed      	ST   X+,R30
000073 958a      	DEC  R24
000074 f7e9      	BRNE __CLEAR_REG
                 
                 ;CLEAR SRAM
000075 e080      	LDI  R24,LOW(__CLEAR_SRAM_SIZE)
000076 e098      	LDI  R25,HIGH(__CLEAR_SRAM_SIZE)
000077 e6a0      	LDI  R26,__SRAM_START
                 __CLEAR_SRAM:
000078 93ed      	ST   X+,R30
000079 9701      	SBIW R24,1
00007a f7e9      	BRNE __CLEAR_SRAM
                 
                 ;GLOBAL VARIABLES INITIALIZATION
00007b ebec      	LDI  R30,LOW(__GLOBAL_INI_TBL*2)
00007c e0f0      	LDI  R31,HIGH(__GLOBAL_INI_TBL*2)
                 __GLOBAL_INI_NEXT:
00007d 9185      	LPM  R24,Z+
00007e 9195      	LPM  R25,Z+
00007f 9700      	SBIW R24,0
000080 f061      	BREQ __GLOBAL_INI_END
000081 91a5      	LPM  R26,Z+
000082 91b5      	LPM  R27,Z+
000083 9005      	LPM  R0,Z+
000084 9015      	LPM  R1,Z+
000085 01bf      	MOVW R22,R30
000086 01f0      	MOVW R30,R0
                 __GLOBAL_INI_LOOP:
000087 9005      	LPM  R0,Z+
000088 920d      	ST   X+,R0
000089 9701      	SBIW R24,1
00008a f7e1      	BRNE __GLOBAL_INI_LOOP
00008b 01fb      	MOVW R30,R22
00008c cff0      	RJMP __GLOBAL_INI_NEXT
                 __GLOBAL_INI_END:
                 
                 ;HARDWARE STACK POINTER INITIALIZATION
00008d e5ef      	LDI  R30,LOW(__SRAM_END-__HEAP_SIZE)
00008e bfed      	OUT  SPL,R30
00008f e0e8      	LDI  R30,HIGH(__SRAM_END-__HEAP_SIZE)
000090 bfee      	OUT  SPH,R30
                 
                 ;DATA STACK POINTER INITIALIZATION
000091 e6c0      	LDI  R28,LOW(__SRAM_START+__DSTACK_SIZE)
000092 e0d2      	LDI  R29,HIGH(__SRAM_START+__DSTACK_SIZE)
                 
000093 940c 0095 	JMP  _main
                 
                 	.ESEG
                 	.ORG 0
                 
                 	.DSEG
                 	.ORG 0x260
                 
                 	.CSEG
                 ;/*******************************************************
                 ;This program was created by the
                 ;CodeWizardAVR V3.14 Advanced
                 ;Automatic Program Generator
                 ;© Copyright 1998-2014 Pavel Haiduc, HP InfoTech s.r.l.
                 ;http://www.hpinfotech.com
                 ;
                 ;Project :
                 ;Version :
                 ;Date    : 6/14/2024
                 ;Author  :
                 ;Company :
                 ;Comments:
                 ;
                 ;
                 ;Chip type               : ATmega32
                 ;Program type            : Application
                 ;AVR Core Clock frequency: 11.059200 MHz
                 ;Memory model            : Small
                 ;External RAM size       : 0
                 ;Data Stack size         : 512
                 ;*******************************************************/
                 ;
                 ;#include <mega32.h>
                 	#ifndef __SLEEP_DEFINED__
                 	#define __SLEEP_DEFINED__
                 	.EQU __se_bit=0x80
                 	.EQU __sm_mask=0x70
                 	.EQU __sm_powerdown=0x20
                 	.EQU __sm_powersave=0x30
                 	.EQU __sm_standby=0x60
                 	.EQU __sm_ext_standby=0x70
                 	.EQU __sm_adc_noise_red=0x10
                 	.SET power_ctrl_reg=mcucr
                 	#endif
                 ;#include <stdio.h>
                 ;#include <delay.h>
                 ;// Alphanumeric LCD functions
                 ;#include <alcd.h>
                 ;
                 ;int sec, min, hour;
                 ;char str[40];
                 ;float f;
                 ;// Declare your global variables here
                 ;
                 ;void main(void)
                 ; 0000 0024 {
                 
                 	.CSEG
                 _main:
                 ; .FSTART _main
                 ; 0000 0025 // Declare your local variables here
                 ; 0000 0026 
                 ; 0000 0027 // Input/Output Ports initialization
                 ; 0000 0028 // Port A initialization
                 ; 0000 0029 // Function: Bit7=In Bit6=In Bit5=In Bit4=In Bit3=In Bit2=In Bit1=In Bit0=In
                 ; 0000 002A DDRA=(0<<DDA7) | (0<<DDA6) | (0<<DDA5) | (0<<DDA4) | (0<<DDA3) | (0<<DDA2) | (0<<DDA1) | (0<<DDA0);
000095 e0e0      	LDI  R30,LOW(0)
000096 bbea      	OUT  0x1A,R30
                 ; 0000 002B // State: Bit7=T Bit6=T Bit5=T Bit4=T Bit3=T Bit2=T Bit1=T Bit0=T
                 ; 0000 002C PORTA=(0<<PORTA7) | (0<<PORTA6) | (0<<PORTA5) | (0<<PORTA4) | (0<<PORTA3) | (0<<PORTA2) | (0<<PORTA1) | (0<<PORTA0);
000097 bbeb      	OUT  0x1B,R30
                 ; 0000 002D 
                 ; 0000 002E // Port B initialization
                 ; 0000 002F // Function: Bit7=Out Bit6=Out Bit5=Out Bit4=Out Bit3=Out Bit2=Out Bit1=Out Bit0=Out
                 ; 0000 0030 DDRB=(1<<DDB7) | (1<<DDB6) | (1<<DDB5) | (1<<DDB4) | (1<<DDB3) | (1<<DDB2) | (1<<DDB1) | (1<<DDB0);
000098 efef      	LDI  R30,LOW(255)
000099 bbe7      	OUT  0x17,R30
                 ; 0000 0031 // State: Bit7=0 Bit6=0 Bit5=0 Bit4=0 Bit3=0 Bit2=0 Bit1=0 Bit0=0
                 ; 0000 0032 PORTB=(0<<PORTB7) | (0<<PORTB6) | (0<<PORTB5) | (0<<PORTB4) | (0<<PORTB3) | (0<<PORTB2) | (0<<PORTB1) | (0<<PORTB0);
00009a e0e0      	LDI  R30,LOW(0)
00009b bbe8      	OUT  0x18,R30
                 ; 0000 0033 
                 ; 0000 0034 // Port C initialization
                 ; 0000 0035 // Function: Bit7=In Bit6=In Bit5=In Bit4=In Bit3=In Bit2=In Bit1=In Bit0=In
                 ; 0000 0036 DDRC=(0<<DDC7) | (0<<DDC6) | (0<<DDC5) | (0<<DDC4) | (0<<DDC3) | (0<<DDC2) | (0<<DDC1) | (0<<DDC0);
00009c bbe4      	OUT  0x14,R30
                 ; 0000 0037 // State: Bit7=T Bit6=T Bit5=T Bit4=T Bit3=T Bit2=T Bit1=T Bit0=T
                 ; 0000 0038 PORTC=(0<<PORTC7) | (0<<PORTC6) | (0<<PORTC5) | (0<<PORTC4) | (0<<PORTC3) | (0<<PORTC2) | (0<<PORTC1) | (0<<PORTC0);
00009d bbe5      	OUT  0x15,R30
                 ; 0000 0039 
                 ; 0000 003A // Port D initialization
                 ; 0000 003B // Function: Bit7=In Bit6=In Bit5=In Bit4=In Bit3=In Bit2=In Bit1=In Bit0=In
                 ; 0000 003C DDRD=(0<<DDD7) | (0<<DDD6) | (0<<DDD5) | (0<<DDD4) | (0<<DDD3) | (0<<DDD2) | (0<<DDD1) | (0<<DDD0);
00009e bbe1      	OUT  0x11,R30
                 ; 0000 003D // State: Bit7=T Bit6=T Bit5=T Bit4=T Bit3=T Bit2=T Bit1=T Bit0=T
                 ; 0000 003E PORTD=(0<<PORTD7) | (0<<PORTD6) | (0<<PORTD5) | (0<<PORTD4) | (0<<PORTD3) | (0<<PORTD2) | (0<<PORTD1) | (0<<PORTD0);
00009f bbe2      	OUT  0x12,R30
                 ; 0000 003F 
                 ; 0000 0040 // Timer/Counter 0 initialization
                 ; 0000 0041 // Clock source: System Clock
                 ; 0000 0042 // Clock value: Timer 0 Stopped
                 ; 0000 0043 // Mode: Normal top=0xFF
                 ; 0000 0044 // OC0 output: Disconnected
                 ; 0000 0045 TCCR0=(0<<WGM00) | (0<<COM01) | (0<<COM00) | (0<<WGM01) | (0<<CS02) | (0<<CS01) | (0<<CS00);
0000a0 bfe3      	OUT  0x33,R30
                 ; 0000 0046 TCNT0=0x00;
0000a1 bfe2      	OUT  0x32,R30
                 ; 0000 0047 OCR0=0x00;
0000a2 bfec      	OUT  0x3C,R30
                 ; 0000 0048 
                 ; 0000 0049 // Timer/Counter 1 initialization
                 ; 0000 004A // Clock source: System Clock
                 ; 0000 004B // Clock value: Timer1 Stopped
                 ; 0000 004C // Mode: Normal top=0xFFFF
                 ; 0000 004D // OC1A output: Disconnected
                 ; 0000 004E // OC1B output: Disconnected
                 ; 0000 004F // Noise Canceler: Off
                 ; 0000 0050 // Input Capture on Falling Edge
                 ; 0000 0051 // Timer1 Overflow Interrupt: Off
                 ; 0000 0052 // Input Capture Interrupt: Off
                 ; 0000 0053 // Compare A Match Interrupt: Off
                 ; 0000 0054 // Compare B Match Interrupt: Off
                 ; 0000 0055 TCCR1A=(0<<COM1A1) | (0<<COM1A0) | (0<<COM1B1) | (0<<COM1B0) | (0<<WGM11) | (0<<WGM10);
0000a3 bdef      	OUT  0x2F,R30
                 ; 0000 0056 TCCR1B=(0<<ICNC1) | (0<<ICES1) | (0<<WGM13) | (0<<WGM12) | (0<<CS12) | (0<<CS11) | (0<<CS10);
0000a4 bdee      	OUT  0x2E,R30
                 ; 0000 0057 TCNT1H=0x00;
0000a5 bded      	OUT  0x2D,R30
                 ; 0000 0058 TCNT1L=0x00;
0000a6 bdec      	OUT  0x2C,R30
                 ; 0000 0059 ICR1H=0x00;
0000a7 bde7      	OUT  0x27,R30
                 ; 0000 005A ICR1L=0x00;
0000a8 bde6      	OUT  0x26,R30
                 ; 0000 005B OCR1AH=0x00;
0000a9 bdeb      	OUT  0x2B,R30
                 ; 0000 005C OCR1AL=0x00;
0000aa bdea      	OUT  0x2A,R30
                 ; 0000 005D OCR1BH=0x00;
0000ab bde9      	OUT  0x29,R30
                 ; 0000 005E OCR1BL=0x00;
0000ac bde8      	OUT  0x28,R30
                 ; 0000 005F 
                 ; 0000 0060 // Timer/Counter 2 initialization
                 ; 0000 0061 // Clock source: System Clock
                 ; 0000 0062 // Clock value: Timer2 Stopped
                 ; 0000 0063 // Mode: Normal top=0xFF
                 ; 0000 0064 // OC2 output: Disconnected
                 ; 0000 0065 ASSR=0<<AS2;
0000ad bde2      	OUT  0x22,R30
                 ; 0000 0066 TCCR2=(0<<PWM2) | (0<<COM21) | (0<<COM20) | (0<<CTC2) | (0<<CS22) | (0<<CS21) | (0<<CS20);
0000ae bde5      	OUT  0x25,R30
                 ; 0000 0067 TCNT2=0x00;
0000af bde4      	OUT  0x24,R30
                 ; 0000 0068 OCR2=0x00;
0000b0 bde3      	OUT  0x23,R30
                 ; 0000 0069 
                 ; 0000 006A // Timer(s)/Counter(s) Interrupt(s) initialization
                 ; 0000 006B TIMSK=(0<<OCIE2) | (0<<TOIE2) | (0<<TICIE1) | (0<<OCIE1A) | (0<<OCIE1B) | (0<<TOIE1) | (0<<OCIE0) | (0<<TOIE0);
0000b1 bfe9      	OUT  0x39,R30
                 ; 0000 006C 
                 ; 0000 006D // External Interrupt(s) initialization
                 ; 0000 006E // INT0: Off
                 ; 0000 006F // INT1: Off
                 ; 0000 0070 // INT2: Off
                 ; 0000 0071 MCUCR=(0<<ISC11) | (0<<ISC10) | (0<<ISC01) | (0<<ISC00);
0000b2 bfe5      	OUT  0x35,R30
                 ; 0000 0072 MCUCSR=(0<<ISC2);
0000b3 bfe4      	OUT  0x34,R30
                 ; 0000 0073 
                 ; 0000 0074 // USART initialization
                 ; 0000 0075 // USART disabled
                 ; 0000 0076 UCSRB=(0<<RXCIE) | (0<<TXCIE) | (0<<UDRIE) | (0<<RXEN) | (0<<TXEN) | (0<<UCSZ2) | (0<<RXB8) | (0<<TXB8);
0000b4 b9ea      	OUT  0xA,R30
                 ; 0000 0077 
                 ; 0000 0078 // Analog Comparator initialization
                 ; 0000 0079 // Analog Comparator: Off
                 ; 0000 007A // The Analog Comparator's positive input is
                 ; 0000 007B // connected to the AIN0 pin
                 ; 0000 007C // The Analog Comparator's negative input is
                 ; 0000 007D // connected to the AIN1 pin
                 ; 0000 007E ACSR=(1<<ACD) | (0<<ACBG) | (0<<ACO) | (0<<ACI) | (0<<ACIE) | (0<<ACIC) | (0<<ACIS1) | (0<<ACIS0);
0000b5 e8e0      	LDI  R30,LOW(128)
0000b6 b9e8      	OUT  0x8,R30
                 ; 0000 007F SFIOR=(0<<ACME);
0000b7 e0e0      	LDI  R30,LOW(0)
0000b8 bfe0      	OUT  0x30,R30
                 ; 0000 0080 
                 ; 0000 0081 // ADC initialization
                 ; 0000 0082 // ADC disabled
                 ; 0000 0083 ADCSRA=(0<<ADEN) | (0<<ADSC) | (0<<ADATE) | (0<<ADIF) | (0<<ADIE) | (0<<ADPS2) | (0<<ADPS1) | (0<<ADPS0);
0000b9 b9e6      	OUT  0x6,R30
                 ; 0000 0084 
                 ; 0000 0085 // SPI initialization
                 ; 0000 0086 // SPI disabled
                 ; 0000 0087 SPCR=(0<<SPIE) | (0<<SPE) | (0<<DORD) | (0<<MSTR) | (0<<CPOL) | (0<<CPHA) | (0<<SPR1) | (0<<SPR0);
0000ba b9ed      	OUT  0xD,R30
                 ; 0000 0088 
                 ; 0000 0089 // TWI initialization
                 ; 0000 008A // TWI disabled
                 ; 0000 008B TWCR=(0<<TWEA) | (0<<TWSTA) | (0<<TWSTO) | (0<<TWEN) | (0<<TWIE);
0000bb bfe6      	OUT  0x36,R30
                 ; 0000 008C 
                 ; 0000 008D // Alphanumeric LCD initialization
                 ; 0000 008E // Connections are specified in the
                 ; 0000 008F // Project|Configure|C Compiler|Libraries|Alphanumeric LCD menu:
                 ; 0000 0090 // RS - PORTB Bit 0
                 ; 0000 0091 // RD - PORTB Bit 2
                 ; 0000 0092 // EN - PORTB Bit 1
                 ; 0000 0093 // D4 - PORTB Bit 4
                 ; 0000 0094 // D5 - PORTB Bit 5
                 ; 0000 0095 // D6 - PORTB Bit 6
                 ; 0000 0096 // D7 - PORTB Bit 7
                 ; 0000 0097 // Characters/line: 40
                 ; 0000 0098 lcd_init(40);
0000bc e2a8      	LDI  R26,LOW(40)
0000bd 940e 033c 	CALL _lcd_init
                 ; 0000 0099 
                 ; 0000 009A 
                 ; 0000 009B sec = 0;
0000bf 2444      	CLR  R4
0000c0 2455      	CLR  R5
                 ; 0000 009C min = 0;
0000c1 2466      	CLR  R6
0000c2 2477      	CLR  R7
                 ; 0000 009D hour = 0;
0000c3 2488      	CLR  R8
0000c4 2499      	CLR  R9
                 ; 0000 009E lcd_clear();
0000c5 940e 030a 	CALL _lcd_clear
                 ; 0000 009F lcd_puts("Hello dear! i'm MHTrXz   ");
                +
0000c7 e6a0     +LDI R26 , LOW ( _0x3 + ( 0 ) )
0000c8 e0b2     +LDI R27 , HIGH ( _0x3 + ( 0 ) )
                 	__POINTW2MN _0x3,0
0000c9 940e 032b 	CALL _lcd_puts
                 ; 0000 00A0 lcd_gotoxy(0, 1);
0000cb e0e0      	LDI  R30,LOW(0)
0000cc 93ea      	ST   -Y,R30
0000cd e0a1      	LDI  R26,LOW(1)
0000ce 940e 02fd 	CALL _lcd_gotoxy
                 ; 0000 00A1 lcd_puts("hahahahahahahahahahahahahahahahahahahaha");
                +
0000d0 e7aa     +LDI R26 , LOW ( _0x3 + ( 26 ) )
0000d1 e0b2     +LDI R27 , HIGH ( _0x3 + ( 26 ) )
                 	__POINTW2MN _0x3,26
0000d2 940e 032b 	CALL _lcd_puts
                 ; 0000 00A2 while (1)
                 _0x4:
                 ; 0000 00A3       {
                 ; 0000 00A4       // Place your code here
                 ; 0000 00A5 
                 ; 0000 00A6       sec ++;
0000d4 01f2      	MOVW R30,R4
0000d5 9631      	ADIW R30,1
0000d6 012f      	MOVW R4,R30
                 ; 0000 00A7       if(sec > 59) {
0000d7 e3eb      	LDI  R30,LOW(59)
0000d8 e0f0      	LDI  R31,HIGH(59)
0000d9 15e4      	CP   R30,R4
0000da 05f5      	CPC  R31,R5
0000db f42c      	BRGE _0x7
                 ; 0000 00A8             sec = 0;
0000dc 2444      	CLR  R4
0000dd 2455      	CLR  R5
                 ; 0000 00A9             min++;
0000de 01f3      	MOVW R30,R6
0000df 9631      	ADIW R30,1
0000e0 013f      	MOVW R6,R30
                 ; 0000 00AA       }
                 ; 0000 00AB       if(min > 59) {
                 _0x7:
0000e1 e3eb      	LDI  R30,LOW(59)
0000e2 e0f0      	LDI  R31,HIGH(59)
0000e3 15e6      	CP   R30,R6
0000e4 05f7      	CPC  R31,R7
0000e5 f42c      	BRGE _0x8
                 ; 0000 00AC             min = 0;
0000e6 2466      	CLR  R6
0000e7 2477      	CLR  R7
                 ; 0000 00AD             hour++;
0000e8 01f4      	MOVW R30,R8
0000e9 9631      	ADIW R30,1
0000ea 014f      	MOVW R8,R30
                 ; 0000 00AE       }
                 ; 0000 00AF       if(hour > 23) {
                 _0x8:
0000eb e1e7      	LDI  R30,LOW(23)
0000ec e0f0      	LDI  R31,HIGH(23)
0000ed 15e8      	CP   R30,R8
0000ee 05f9      	CPC  R31,R9
0000ef f414      	BRGE _0x9
                 ; 0000 00B0             hour = 0;
0000f0 2488      	CLR  R8
0000f1 2499      	CLR  R9
                 ; 0000 00B1       }
                 ; 0000 00B2       lcd_gotoxy(25, 0);
                 _0x9:
0000f2 e1e9      	LDI  R30,LOW(25)
0000f3 93ea      	ST   -Y,R30
0000f4 e0a0      	LDI  R26,LOW(0)
0000f5 940e 02fd 	CALL _lcd_gotoxy
                 ; 0000 00B3       f = (float) sec / 2;
0000f7 01f2      	MOVW R30,R4
0000f8 940e 047e 	CALL __CWD1
0000fa 940e 03fb 	CALL __CDF1
0000fc 01df      	MOVW R26,R30
0000fd 01cb      	MOVW R24,R22
                +
0000fe e0e0     +LDI R30 , LOW ( 0x40000000 )
0000ff e0f0     +LDI R31 , HIGH ( 0x40000000 )
000100 e060     +LDI R22 , BYTE3 ( 0x40000000 )
000101 e470     +LDI R23 , BYTE4 ( 0x40000000 )
                 	__GETD1N 0x40000000
000102 940e 0429 	CALL __DIVF21
000104 93e0 02cb 	STS  _f,R30
000106 93f0 02cc 	STS  _f+1,R31
000108 9360 02cd 	STS  _f+2,R22
00010a 9370 02ce 	STS  _f+3,R23
                 ; 0000 00B4       sprintf(str, "%d:%d:%d   %4.2f", hour, min, sec, f);
00010c eae3      	LDI  R30,LOW(_str)
00010d e0f2      	LDI  R31,HIGH(_str)
00010e 93fa      	ST   -Y,R31
00010f 93ea      	ST   -Y,R30
                +
000110 eae9     +LDI R30 , LOW ( 2 * _0x0 + ( 67 ) )
000111 e0f0     +LDI R31 , HIGH ( 2 * _0x0 + ( 67 ) )
                 	__POINTW1FN _0x0,67
000112 93fa      	ST   -Y,R31
000113 93ea      	ST   -Y,R30
000114 01f4      	MOVW R30,R8
000115 940e 0383 	CALL SUBOPT_0x0
000117 01f3      	MOVW R30,R6
000118 940e 0383 	CALL SUBOPT_0x0
00011a 01f2      	MOVW R30,R4
00011b 940e 0383 	CALL SUBOPT_0x0
00011d 91e0 02cb 	LDS  R30,_f
00011f 91f0 02cc 	LDS  R31,_f+1
000121 9160 02cd 	LDS  R22,_f+2
000123 9170 02ce 	LDS  R23,_f+3
000125 940e 048b 	CALL __PUTPARD1
000127 e180      	LDI  R24,16
000128 940e 02a9 	CALL _sprintf
00012a 9664      	ADIW R28,20
                 ; 0000 00B5       lcd_puts(str);
00012b eaa3      	LDI  R26,LOW(_str)
00012c e0b2      	LDI  R27,HIGH(_str)
00012d 940e 032b 	CALL _lcd_puts
                 ; 0000 00B6 
                 ; 0000 00B7       delay_ms(100);
00012f e6a4      	LDI  R26,LOW(100)
000130 e0b0      	LDI  R27,0
000131 940e 03c2 	CALL _delay_ms
                 ; 0000 00B8       }
000133 cfa0      	RJMP _0x4
                 ; 0000 00B9 }
                 _0xA:
000134 cfff      	RJMP _0xA
                 ; .FEND
                 
                 	.DSEG
                 _0x3:
000260           	.BYTE 0x43
                 	#ifndef __SLEEP_DEFINED__
                 	#endif
                 
                 	.CSEG
                 _put_buff_G100:
                 ; .FSTART _put_buff_G100
000135 93ba      	ST   -Y,R27
000136 93aa      	ST   -Y,R26
000137 931a      	ST   -Y,R17
000138 930a      	ST   -Y,R16
000139 81aa      	LDD  R26,Y+2
00013a 81bb      	LDD  R27,Y+2+1
00013b 9612      	ADIW R26,2
00013c 940e 0483 	CALL __GETW1P
00013e 9730      	SBIW R30,0
00013f f159      	BREQ _0x2000010
000140 81aa      	LDD  R26,Y+2
000141 81bb      	LDD  R27,Y+2+1
000142 9614      	ADIW R26,4
000143 940e 0483 	CALL __GETW1P
000145 018f      	MOVW R16,R30
000146 9730      	SBIW R30,0
000147 f061      	BREQ _0x2000012
                +
000148 3002     +CPI R16 , LOW ( 2 )
000149 e0e0     +LDI R30 , HIGH ( 2 )
00014a 071e     +CPC R17 , R30
                 	__CPWRN 16,17,2
00014b f098      	BRLO _0x2000013
00014c 01f8      	MOVW R30,R16
00014d 9731      	SBIW R30,1
00014e 018f      	MOVW R16,R30
                +
00014f 81aa     +LDD R26 , Y + 2
000150 81bb     +LDD R27 , Y + 2 + 1
000151 9614     +ADIW R26 , 4
000152 93ed     +ST X + , R30
000153 93fc     +ST X , R31
                 	__PUTW1SNS 2,4
                 _0x2000012:
000154 81aa      	LDD  R26,Y+2
000155 81bb      	LDD  R27,Y+2+1
000156 9612      	ADIW R26,2
000157 91ed      	LD   R30,X+
000158 91fd      	LD   R31,X+
000159 9631      	ADIW R30,1
00015a 93fe      	ST   -X,R31
00015b 93ee      	ST   -X,R30
00015c 9731      	SBIW R30,1
00015d 81ac      	LDD  R26,Y+4
00015e 83a0      	STD  Z+0,R26
                 _0x2000013:
00015f 81aa      	LDD  R26,Y+2
000160 81bb      	LDD  R27,Y+2+1
000161 940e 0483 	CALL __GETW1P
000163 23ff      	TST  R31
000164 f02a      	BRMI _0x2000014
000165 91ed      	LD   R30,X+
000166 91fd      	LD   R31,X+
000167 9631      	ADIW R30,1
000168 93fe      	ST   -X,R31
000169 93ee      	ST   -X,R30
                 _0x2000014:
00016a c006      	RJMP _0x2000015
                 _0x2000010:
00016b 81aa      	LDD  R26,Y+2
00016c 81bb      	LDD  R27,Y+2+1
00016d efef      	LDI  R30,LOW(65535)
00016e efff      	LDI  R31,HIGH(65535)
00016f 93ed      	ST   X+,R30
000170 93fc      	ST   X,R31
                 _0x2000015:
000171 8119      	LDD  R17,Y+1
000172 8108      	LDD  R16,Y+0
000173 9625      	ADIW R28,5
000174 9508      	RET
                 ; .FEND
                 __print_G100:
                 ; .FSTART __print_G100
000175 93ba      	ST   -Y,R27
000176 93aa      	ST   -Y,R26
000177 9726      	SBIW R28,6
000178 940e 0490 	CALL __SAVELOCR6
00017a e010      	LDI  R17,0
00017b 85ac      	LDD  R26,Y+12
00017c 85bd      	LDD  R27,Y+12+1
00017d e0e0      	LDI  R30,LOW(0)
00017e e0f0      	LDI  R31,HIGH(0)
00017f 93ed      	ST   X+,R30
000180 93fc      	ST   X,R31
                 _0x2000016:
000181 89ea      	LDD  R30,Y+18
000182 89fb      	LDD  R31,Y+18+1
000183 9631      	ADIW R30,1
000184 8bea      	STD  Y+18,R30
000185 8bfb      	STD  Y+18+1,R31
000186 9731      	SBIW R30,1
000187 91e4      	LPM  R30,Z
000188 2f2e      	MOV  R18,R30
000189 30e0      	CPI  R30,0
00018a f409      	BRNE PC+2
00018b c115      	RJMP _0x2000018
00018c 2fe1      	MOV  R30,R17
00018d 30e0      	CPI  R30,0
00018e f439      	BRNE _0x200001C
00018f 3225      	CPI  R18,37
000190 f411      	BRNE _0x200001D
000191 e011      	LDI  R17,LOW(1)
000192 c002      	RJMP _0x200001E
                 _0x200001D:
000193 940e 0388 	CALL SUBOPT_0x1
                 _0x200001E:
000195 c10a      	RJMP _0x200001B
                 _0x200001C:
000196 30e1      	CPI  R30,LOW(0x1)
000197 f4a9      	BRNE _0x200001F
000198 3225      	CPI  R18,37
000199 f419      	BRNE _0x2000020
00019a 940e 0388 	CALL SUBOPT_0x1
00019c c102      	RJMP _0x20000CC
                 _0x2000020:
00019d e012      	LDI  R17,LOW(2)
00019e e040      	LDI  R20,LOW(0)
00019f e000      	LDI  R16,LOW(0)
0001a0 322d      	CPI  R18,45
0001a1 f411      	BRNE _0x2000021
0001a2 e001      	LDI  R16,LOW(1)
0001a3 c0fc      	RJMP _0x200001B
                 _0x2000021:
0001a4 322b      	CPI  R18,43
0001a5 f411      	BRNE _0x2000022
0001a6 e24b      	LDI  R20,LOW(43)
0001a7 c0f8      	RJMP _0x200001B
                 _0x2000022:
0001a8 3220      	CPI  R18,32
0001a9 f411      	BRNE _0x2000023
0001aa e240      	LDI  R20,LOW(32)
0001ab c0f4      	RJMP _0x200001B
                 _0x2000023:
0001ac c002      	RJMP _0x2000024
                 _0x200001F:
0001ad 30e2      	CPI  R30,LOW(0x2)
0001ae f439      	BRNE _0x2000025
                 _0x2000024:
0001af e050      	LDI  R21,LOW(0)
0001b0 e013      	LDI  R17,LOW(3)
0001b1 3320      	CPI  R18,48
0001b2 f411      	BRNE _0x2000026
0001b3 6800      	ORI  R16,LOW(128)
0001b4 c0eb      	RJMP _0x200001B
                 _0x2000026:
0001b5 c003      	RJMP _0x2000027
                 _0x2000025:
0001b6 30e3      	CPI  R30,LOW(0x3)
0001b7 f009      	BREQ PC+2
0001b8 c0e7      	RJMP _0x200001B
                 _0x2000027:
0001b9 3320      	CPI  R18,48
0001ba f010      	BRLO _0x200002A
0001bb 332a      	CPI  R18,58
0001bc f008      	BRLO _0x200002B
                 _0x200002A:
0001bd c007      	RJMP _0x2000029
                 _0x200002B:
0001be e0aa      	LDI  R26,LOW(10)
0001bf 9f5a      	MUL  R21,R26
0001c0 2d50      	MOV  R21,R0
0001c1 2fe2      	MOV  R30,R18
0001c2 53e0      	SUBI R30,LOW(48)
0001c3 0f5e      	ADD  R21,R30
0001c4 c0db      	RJMP _0x200001B
                 _0x2000029:
0001c5 2fe2      	MOV  R30,R18
0001c6 36e3      	CPI  R30,LOW(0x63)
0001c7 f449      	BRNE _0x200002F
0001c8 940e 038f 	CALL SUBOPT_0x2
0001ca 89e8      	LDD  R30,Y+16
0001cb 89f9      	LDD  R31,Y+16+1
0001cc 81a4      	LDD  R26,Z+4
0001cd 93aa      	ST   -Y,R26
0001ce 940e 0395 	CALL SUBOPT_0x3
0001d0 c0ce      	RJMP _0x2000030
                 _0x200002F:
0001d1 37e3      	CPI  R30,LOW(0x73)
0001d2 f441      	BRNE _0x2000032
0001d3 940e 038f 	CALL SUBOPT_0x2
0001d5 940e 039b 	CALL SUBOPT_0x4
0001d7 940e 036a 	CALL _strlen
0001d9 2f1e      	MOV  R17,R30
0001da c00a      	RJMP _0x2000033
                 _0x2000032:
0001db 37e0      	CPI  R30,LOW(0x70)
0001dc f461      	BRNE _0x2000035
0001dd 940e 038f 	CALL SUBOPT_0x2
0001df 940e 039b 	CALL SUBOPT_0x4
0001e1 940e 0376 	CALL _strlenf
0001e3 2f1e      	MOV  R17,R30
0001e4 6008      	ORI  R16,LOW(8)
                 _0x2000033:
0001e5 6002      	ORI  R16,LOW(2)
0001e6 770f      	ANDI R16,LOW(127)
0001e7 e030      	LDI  R19,LOW(0)
0001e8 c034      	RJMP _0x2000036
                 _0x2000035:
0001e9 36e4      	CPI  R30,LOW(0x64)
0001ea f011      	BREQ _0x2000039
0001eb 36e9      	CPI  R30,LOW(0x69)
0001ec f411      	BRNE _0x200003A
                 _0x2000039:
0001ed 6004      	ORI  R16,LOW(4)
0001ee c002      	RJMP _0x200003B
                 _0x200003A:
0001ef 37e5      	CPI  R30,LOW(0x75)
0001f0 f431      	BRNE _0x200003C
                 _0x200003B:
0001f1 e5e4      	LDI  R30,LOW(_tbl10_G100*2)
0001f2 e0f0      	LDI  R31,HIGH(_tbl10_G100*2)
0001f3 83ee      	STD  Y+6,R30
0001f4 83ff      	STD  Y+6+1,R31
0001f5 e015      	LDI  R17,LOW(5)
0001f6 c00c      	RJMP _0x200003D
                 _0x200003C:
0001f7 35e8      	CPI  R30,LOW(0x58)
0001f8 f411      	BRNE _0x200003F
0001f9 6008      	ORI  R16,LOW(8)
0001fa c003      	RJMP _0x2000040
                 _0x200003F:
0001fb 37e8      	CPI  R30,LOW(0x78)
0001fc f009      	BREQ PC+2
0001fd c0a1      	RJMP _0x2000071
                 _0x2000040:
0001fe e5ee      	LDI  R30,LOW(_tbl16_G100*2)
0001ff e0f0      	LDI  R31,HIGH(_tbl16_G100*2)
000200 83ee      	STD  Y+6,R30
000201 83ff      	STD  Y+6+1,R31
000202 e014      	LDI  R17,LOW(4)
                 _0x200003D:
000203 ff02      	SBRS R16,2
000204 c014      	RJMP _0x2000042
000205 940e 038f 	CALL SUBOPT_0x2
000207 940e 03a5 	CALL SUBOPT_0x5
000209 85ab      	LDD  R26,Y+11
00020a 23aa      	TST  R26
00020b f43a      	BRPL _0x2000043
00020c 85ea      	LDD  R30,Y+10
00020d 85fb      	LDD  R31,Y+10+1
00020e 940e 0472 	CALL __ANEGW1
000210 87ea      	STD  Y+10,R30
000211 87fb      	STD  Y+10+1,R31
000212 e24d      	LDI  R20,LOW(45)
                 _0x2000043:
000213 3040      	CPI  R20,0
000214 f011      	BREQ _0x2000044
000215 5f1f      	SUBI R17,-LOW(1)
000216 c001      	RJMP _0x2000045
                 _0x2000044:
000217 7f0b      	ANDI R16,LOW(251)
                 _0x2000045:
000218 c004      	RJMP _0x2000046
                 _0x2000042:
000219 940e 038f 	CALL SUBOPT_0x2
00021b 940e 03a5 	CALL SUBOPT_0x5
                 _0x2000046:
                 _0x2000036:
00021d fd00      	SBRC R16,0
00021e c011      	RJMP _0x2000047
                 _0x2000048:
00021f 1715      	CP   R17,R21
000220 f478      	BRSH _0x200004A
000221 ff07      	SBRS R16,7
000222 c008      	RJMP _0x200004B
000223 ff02      	SBRS R16,2
000224 c004      	RJMP _0x200004C
000225 7f0b      	ANDI R16,LOW(251)
000226 2f24      	MOV  R18,R20
000227 5011      	SUBI R17,LOW(1)
000228 c001      	RJMP _0x200004D
                 _0x200004C:
000229 e320      	LDI  R18,LOW(48)
                 _0x200004D:
00022a c001      	RJMP _0x200004E
                 _0x200004B:
00022b e220      	LDI  R18,LOW(32)
                 _0x200004E:
00022c 940e 0388 	CALL SUBOPT_0x1
00022e 5051      	SUBI R21,LOW(1)
00022f cfef      	RJMP _0x2000048
                 _0x200004A:
                 _0x2000047:
000230 2f31      	MOV  R19,R17
000231 ff01      	SBRS R16,1
000232 c017      	RJMP _0x200004F
                 _0x2000050:
000233 3030      	CPI  R19,0
000234 f0a1      	BREQ _0x2000052
000235 ff03      	SBRS R16,3
000236 c006      	RJMP _0x2000053
000237 81ee      	LDD  R30,Y+6
000238 81ff      	LDD  R31,Y+6+1
000239 9125      	LPM  R18,Z+
00023a 83ee      	STD  Y+6,R30
00023b 83ff      	STD  Y+6+1,R31
00023c c005      	RJMP _0x2000054
                 _0x2000053:
00023d 81ae      	LDD  R26,Y+6
00023e 81bf      	LDD  R27,Y+6+1
00023f 912d      	LD   R18,X+
000240 83ae      	STD  Y+6,R26
000241 83bf      	STD  Y+6+1,R27
                 _0x2000054:
000242 940e 0388 	CALL SUBOPT_0x1
000244 3050      	CPI  R21,0
000245 f009      	BREQ _0x2000055
000246 5051      	SUBI R21,LOW(1)
                 _0x2000055:
000247 5031      	SUBI R19,LOW(1)
000248 cfea      	RJMP _0x2000050
                 _0x2000052:
000249 c04b      	RJMP _0x2000056
                 _0x200004F:
                 _0x2000058:
00024a e320      	LDI  R18,LOW(48)
00024b 81ee      	LDD  R30,Y+6
00024c 81ff      	LDD  R31,Y+6+1
00024d 940e 0487 	CALL __GETW1PF
00024f 87e8      	STD  Y+8,R30
000250 87f9      	STD  Y+8+1,R31
000251 81ee      	LDD  R30,Y+6
000252 81ff      	LDD  R31,Y+6+1
000253 9632      	ADIW R30,2
000254 83ee      	STD  Y+6,R30
000255 83ff      	STD  Y+6+1,R31
                 _0x200005A:
000256 85e8      	LDD  R30,Y+8
000257 85f9      	LDD  R31,Y+8+1
000258 85aa      	LDD  R26,Y+10
000259 85bb      	LDD  R27,Y+10+1
00025a 17ae      	CP   R26,R30
00025b 07bf      	CPC  R27,R31
00025c f050      	BRLO _0x200005C
00025d 5f2f      	SUBI R18,-LOW(1)
00025e 85a8      	LDD  R26,Y+8
00025f 85b9      	LDD  R27,Y+8+1
000260 85ea      	LDD  R30,Y+10
000261 85fb      	LDD  R31,Y+10+1
000262 1bea      	SUB  R30,R26
000263 0bfb      	SBC  R31,R27
000264 87ea      	STD  Y+10,R30
000265 87fb      	STD  Y+10+1,R31
000266 cfef      	RJMP _0x200005A
                 _0x200005C:
000267 332a      	CPI  R18,58
000268 f028      	BRLO _0x200005D
000269 ff03      	SBRS R16,3
00026a c002      	RJMP _0x200005E
00026b 5f29      	SUBI R18,-LOW(7)
00026c c001      	RJMP _0x200005F
                 _0x200005E:
00026d 5d29      	SUBI R18,-LOW(39)
                 _0x200005F:
                 _0x200005D:
00026e fd04      	SBRC R16,4
00026f c01a      	RJMP _0x2000061
000270 3321      	CPI  R18,49
000271 f420      	BRSH _0x2000063
000272 85a8      	LDD  R26,Y+8
000273 85b9      	LDD  R27,Y+8+1
000274 9711      	SBIW R26,1
000275 f409      	BRNE _0x2000062
                 _0x2000063:
000276 c009      	RJMP _0x20000CD
                 _0x2000062:
000277 1753      	CP   R21,R19
000278 f010      	BRLO _0x2000067
000279 ff00      	SBRS R16,0
00027a c001      	RJMP _0x2000068
                 _0x2000067:
00027b c013      	RJMP _0x2000066
                 _0x2000068:
00027c e220      	LDI  R18,LOW(32)
00027d ff07      	SBRS R16,7
00027e c00b      	RJMP _0x2000069
00027f e320      	LDI  R18,LOW(48)
                 _0x20000CD:
000280 6100      	ORI  R16,LOW(16)
000281 ff02      	SBRS R16,2
000282 c007      	RJMP _0x200006A
000283 7f0b      	ANDI R16,LOW(251)
000284 934a      	ST   -Y,R20
000285 940e 0395 	CALL SUBOPT_0x3
000287 3050      	CPI  R21,0
000288 f009      	BREQ _0x200006B
000289 5051      	SUBI R21,LOW(1)
                 _0x200006B:
                 _0x200006A:
                 _0x2000069:
                 _0x2000061:
00028a 940e 0388 	CALL SUBOPT_0x1
00028c 3050      	CPI  R21,0
00028d f009      	BREQ _0x200006C
00028e 5051      	SUBI R21,LOW(1)
                 _0x200006C:
                 _0x2000066:
00028f 5031      	SUBI R19,LOW(1)
000290 85a8      	LDD  R26,Y+8
000291 85b9      	LDD  R27,Y+8+1
000292 9712      	SBIW R26,2
000293 f008      	BRLO _0x2000059
000294 cfb5      	RJMP _0x2000058
                 _0x2000059:
                 _0x2000056:
000295 ff00      	SBRS R16,0
000296 c008      	RJMP _0x200006D
                 _0x200006E:
000297 3050      	CPI  R21,0
000298 f031      	BREQ _0x2000070
000299 5051      	SUBI R21,LOW(1)
00029a e2e0      	LDI  R30,LOW(32)
00029b 93ea      	ST   -Y,R30
00029c 940e 0395 	CALL SUBOPT_0x3
00029e cff8      	RJMP _0x200006E
                 _0x2000070:
                 _0x200006D:
                 _0x2000071:
                 _0x2000030:
                 _0x20000CC:
00029f e010      	LDI  R17,LOW(0)
                 _0x200001B:
0002a0 cee0      	RJMP _0x2000016
                 _0x2000018:
0002a1 85ac      	LDD  R26,Y+12
0002a2 85bd      	LDD  R27,Y+12+1
0002a3 940e 0483 	CALL __GETW1P
0002a5 940e 0497 	CALL __LOADLOCR6
0002a7 9664      	ADIW R28,20
0002a8 9508      	RET
                 ; .FEND
                 _sprintf:
                 ; .FSTART _sprintf
0002a9 92ff      	PUSH R15
0002aa 2ef8      	MOV  R15,R24
0002ab 9726      	SBIW R28,6
0002ac 940e 0492 	CALL __SAVELOCR4
0002ae 940e 03ad 	CALL SUBOPT_0x6
0002b0 9730      	SBIW R30,0
0002b1 f419      	BRNE _0x2000072
0002b2 efef      	LDI  R30,LOW(65535)
0002b3 efff      	LDI  R31,HIGH(65535)
0002b4 c023      	RJMP _0x2080002
                 _0x2000072:
0002b5 01de      	MOVW R26,R28
0002b6 9616      	ADIW R26,6
0002b7 940e 046e 	CALL __ADDW2R15
0002b9 018d      	MOVW R16,R26
0002ba 940e 03ad 	CALL SUBOPT_0x6
0002bc 83ee      	STD  Y+6,R30
0002bd 83ff      	STD  Y+6+1,R31
0002be e0e0      	LDI  R30,LOW(0)
0002bf 87e8      	STD  Y+8,R30
0002c0 87e9      	STD  Y+8+1,R30
0002c1 01de      	MOVW R26,R28
0002c2 961a      	ADIW R26,10
0002c3 940e 046e 	CALL __ADDW2R15
0002c5 940e 0483 	CALL __GETW1P
0002c7 93fa      	ST   -Y,R31
0002c8 93ea      	ST   -Y,R30
0002c9 931a      	ST   -Y,R17
0002ca 930a      	ST   -Y,R16
0002cb e3e5      	LDI  R30,LOW(_put_buff_G100)
0002cc e0f1      	LDI  R31,HIGH(_put_buff_G100)
0002cd 93fa      	ST   -Y,R31
0002ce 93ea      	ST   -Y,R30
0002cf 01de      	MOVW R26,R28
0002d0 961a      	ADIW R26,10
0002d1 dea3      	RCALL __print_G100
0002d2 019f      	MOVW R18,R30
0002d3 81ae      	LDD  R26,Y+6
0002d4 81bf      	LDD  R27,Y+6+1
0002d5 e0e0      	LDI  R30,LOW(0)
0002d6 93ec      	ST   X,R30
0002d7 01f9      	MOVW R30,R18
                 _0x2080002:
0002d8 940e 0499 	CALL __LOADLOCR4
0002da 962a      	ADIW R28,10
0002db 90ff      	POP  R15
0002dc 9508      	RET
                 ; .FEND
                 	#ifndef __SLEEP_DEFINED__
                 	#endif
                 
                 	.DSEG
                 
                 	.CSEG
                 __lcd_write_nibble_G101:
                 ; .FSTART __lcd_write_nibble_G101
0002dd 93aa      	ST   -Y,R26
0002de b3e8      	IN   R30,0x18
0002df 70ef      	ANDI R30,LOW(0xF)
0002e0 2fae      	MOV  R26,R30
0002e1 81e8      	LD   R30,Y
0002e2 7fe0      	ANDI R30,LOW(0xF0)
0002e3 2bea      	OR   R30,R26
0002e4 bbe8      	OUT  0x18,R30
                +
0002e5 e182     +LDI R24 , LOW ( 18 )
                +__DELAY_USB_LOOP :
0002e6 958a     +DEC R24
0002e7 f7f1     +BRNE __DELAY_USB_LOOP
                 	__DELAY_USB 18
0002e8 9ac1      	SBI  0x18,1
                +
0002e9 e182     +LDI R24 , LOW ( 18 )
                +__DELAY_USB_LOOP :
0002ea 958a     +DEC R24
0002eb f7f1     +BRNE __DELAY_USB_LOOP
                 	__DELAY_USB 18
0002ec 98c1      	CBI  0x18,1
                +
0002ed e182     +LDI R24 , LOW ( 18 )
                +__DELAY_USB_LOOP :
0002ee 958a     +DEC R24
0002ef f7f1     +BRNE __DELAY_USB_LOOP
                 	__DELAY_USB 18
0002f0 c077      	RJMP _0x2080001
                 ; .FEND
                 __lcd_write_data:
                 ; .FSTART __lcd_write_data
0002f1 93aa      	ST   -Y,R26
0002f2 81a8      	LD   R26,Y
0002f3 dfe9      	RCALL __lcd_write_nibble_G101
0002f4 81e8          ld    r30,y
0002f5 95e2          swap  r30
0002f6 83e8          st    y,r30
0002f7 81a8      	LD   R26,Y
0002f8 dfe4      	RCALL __lcd_write_nibble_G101
                +
0002f9 eb88     +LDI R24 , LOW ( 184 )
                +__DELAY_USB_LOOP :
0002fa 958a     +DEC R24
0002fb f7f1     +BRNE __DELAY_USB_LOOP
                 	__DELAY_USB 184
0002fc c06b      	RJMP _0x2080001
                 ; .FEND
                 _lcd_gotoxy:
                 ; .FSTART _lcd_gotoxy
0002fd 93aa      	ST   -Y,R26
0002fe 81e8      	LD   R30,Y
0002ff e0f0      	LDI  R31,0
000300 53e1      	SUBI R30,LOW(-__base_y_G101)
000301 4ffd      	SBCI R31,HIGH(-__base_y_G101)
000302 81e0      	LD   R30,Z
000303 81a9      	LDD  R26,Y+1
000304 0fae      	ADD  R26,R30
000305 dfeb      	RCALL __lcd_write_data
000306 80b9      	LDD  R11,Y+1
000307 80a8      	LDD  R10,Y+0
000308 9622      	ADIW R28,2
000309 9508      	RET
                 ; .FEND
                 _lcd_clear:
                 ; .FSTART _lcd_clear
00030a e0a2      	LDI  R26,LOW(2)
00030b 940e 03b4 	CALL SUBOPT_0x7
00030d e0ac      	LDI  R26,LOW(12)
00030e dfe2      	RCALL __lcd_write_data
00030f e0a1      	LDI  R26,LOW(1)
000310 940e 03b4 	CALL SUBOPT_0x7
000312 e0e0      	LDI  R30,LOW(0)
000313 2eae      	MOV  R10,R30
000314 2ebe      	MOV  R11,R30
000315 9508      	RET
                 ; .FEND
                 _lcd_putchar:
                 ; .FSTART _lcd_putchar
000316 93aa      	ST   -Y,R26
000317 81a8      	LD   R26,Y
000318 30aa      	CPI  R26,LOW(0xA)
000319 f011      	BREQ _0x2020005
00031a 14bd      	CP   R11,R13
00031b f048      	BRLO _0x2020004
                 _0x2020005:
00031c e0e0      	LDI  R30,LOW(0)
00031d 93ea      	ST   -Y,R30
00031e 94a3      	INC  R10
00031f 2daa      	MOV  R26,R10
000320 dfdc      	RCALL _lcd_gotoxy
000321 81a8      	LD   R26,Y
000322 30aa      	CPI  R26,LOW(0xA)
000323 f409      	BRNE _0x2020007
000324 c043      	RJMP _0x2080001
                 _0x2020007:
                 _0x2020004:
000325 94b3      	INC  R11
000326 9ac0      	SBI  0x18,0
000327 81a8      	LD   R26,Y
000328 dfc8      	RCALL __lcd_write_data
000329 98c0      	CBI  0x18,0
00032a c03d      	RJMP _0x2080001
                 ; .FEND
                 _lcd_puts:
                 ; .FSTART _lcd_puts
00032b 93ba      	ST   -Y,R27
00032c 93aa      	ST   -Y,R26
00032d 931a      	ST   -Y,R17
                 _0x2020008:
00032e 81a9      	LDD  R26,Y+1
00032f 81ba      	LDD  R27,Y+1+1
000330 91ed      	LD   R30,X+
000331 83a9      	STD  Y+1,R26
000332 83ba      	STD  Y+1+1,R27
000333 2f1e      	MOV  R17,R30
000334 30e0      	CPI  R30,0
000335 f019      	BREQ _0x202000A
000336 2fa1      	MOV  R26,R17
000337 dfde      	RCALL _lcd_putchar
000338 cff5      	RJMP _0x2020008
                 _0x202000A:
000339 8118      	LDD  R17,Y+0
00033a 9623      	ADIW R28,3
00033b 9508      	RET
                 ; .FEND
                 _lcd_init:
                 ; .FSTART _lcd_init
00033c 93aa      	ST   -Y,R26
00033d b3e7      	IN   R30,0x17
00033e 6fe0      	ORI  R30,LOW(0xF0)
00033f bbe7      	OUT  0x17,R30
000340 9ab9      	SBI  0x17,1
000341 9ab8      	SBI  0x17,0
000342 9aba      	SBI  0x17,2
000343 98c1      	CBI  0x18,1
000344 98c0      	CBI  0x18,0
000345 98c2      	CBI  0x18,2
000346 80d8      	LDD  R13,Y+0
000347 81e8      	LD   R30,Y
000348 58e0      	SUBI R30,-LOW(128)
                +
000349 93e0 02d1+STS __base_y_G101 + ( 2 ) , R30
                 	__PUTB1MN __base_y_G101,2
00034b 81e8      	LD   R30,Y
00034c 54e0      	SUBI R30,-LOW(192)
                +
00034d 93e0 02d2+STS __base_y_G101 + ( 3 ) , R30
                 	__PUTB1MN __base_y_G101,3
00034f e1a4      	LDI  R26,LOW(20)
000350 e0b0      	LDI  R27,0
000351 940e 03c2 	CALL _delay_ms
000353 940e 03ba 	CALL SUBOPT_0x8
000355 940e 03ba 	CALL SUBOPT_0x8
000357 940e 03ba 	CALL SUBOPT_0x8
000359 e2a0      	LDI  R26,LOW(32)
00035a df82      	RCALL __lcd_write_nibble_G101
                +
00035b e184     +LDI R24 , LOW ( 276 )
00035c e091     +LDI R25 , HIGH ( 276 )
                +__DELAY_USW_LOOP :
00035d 9701     +SBIW R24 , 1
00035e f7f1     +BRNE __DELAY_USW_LOOP
                 	__DELAY_USW 276
00035f e2a8      	LDI  R26,LOW(40)
000360 df90      	RCALL __lcd_write_data
000361 e0a4      	LDI  R26,LOW(4)
000362 df8e      	RCALL __lcd_write_data
000363 e8a5      	LDI  R26,LOW(133)
000364 df8c      	RCALL __lcd_write_data
000365 e0a6      	LDI  R26,LOW(6)
000366 df8a      	RCALL __lcd_write_data
000367 dfa2      	RCALL _lcd_clear
                 _0x2080001:
000368 9621      	ADIW R28,1
000369 9508      	RET
                 ; .FEND
                 
                 	.CSEG
                 
                 	.CSEG
                 _strlen:
                 ; .FSTART _strlen
00036a 93ba      	ST   -Y,R27
00036b 93aa      	ST   -Y,R26
00036c 91a9          ld   r26,y+
00036d 91b9          ld   r27,y+
00036e 27ee          clr  r30
00036f 27ff          clr  r31
                 strlen0:
000370 916d          ld   r22,x+
000371 2366          tst  r22
000372 f011          breq strlen1
000373 9631          adiw r30,1
000374 cffb          rjmp strlen0
                 strlen1:
000375 9508          ret
                 ; .FEND
                 _strlenf:
                 ; .FSTART _strlenf
000376 93ba      	ST   -Y,R27
000377 93aa      	ST   -Y,R26
000378 27aa          clr  r26
000379 27bb          clr  r27
00037a 91e9          ld   r30,y+
00037b 91f9          ld   r31,y+
                 strlenf0:
00037c 9005      	lpm  r0,z+
00037d 2000          tst  r0
00037e f011          breq strlenf1
00037f 9611          adiw r26,1
000380 cffb          rjmp strlenf0
                 strlenf1:
000381 01fd          movw r30,r26
000382 9508          ret
                 ; .FEND
                 
                 	.DSEG
                 _str:
0002a3           	.BYTE 0x28
                 _f:
0002cb           	.BYTE 0x4
                 __base_y_G101:
0002cf           	.BYTE 0x4
                 
                 	.CSEG
                 ;OPTIMIZER ADDED SUBROUTINE, CALLED 3 TIMES, CODE SIZE REDUCTION:1 WORDS
                 SUBOPT_0x0:
000383 940e 047e 	CALL __CWD1
000385 940e 048b 	CALL __PUTPARD1
000387 9508      	RET
                 
                 ;OPTIMIZER ADDED SUBROUTINE, CALLED 5 TIMES, CODE SIZE REDUCTION:13 WORDS
                 SUBOPT_0x1:
000388 932a      	ST   -Y,R18
000389 85ad      	LDD  R26,Y+13
00038a 85be      	LDD  R27,Y+13+1
00038b 85ef      	LDD  R30,Y+15
00038c 89f8      	LDD  R31,Y+15+1
00038d 9509      	ICALL
00038e 9508      	RET
                 
                 ;OPTIMIZER ADDED SUBROUTINE, CALLED 5 TIMES, CODE SIZE REDUCTION:9 WORDS
                 SUBOPT_0x2:
00038f 89e8      	LDD  R30,Y+16
000390 89f9      	LDD  R31,Y+16+1
000391 9734      	SBIW R30,4
000392 8be8      	STD  Y+16,R30
000393 8bf9      	STD  Y+16+1,R31
000394 9508      	RET
                 
                 ;OPTIMIZER ADDED SUBROUTINE, CALLED 3 TIMES, CODE SIZE REDUCTION:3 WORDS
                 SUBOPT_0x3:
000395 85ad      	LDD  R26,Y+13
000396 85be      	LDD  R27,Y+13+1
000397 85ef      	LDD  R30,Y+15
000398 89f8      	LDD  R31,Y+15+1
000399 9509      	ICALL
00039a 9508      	RET
                 
                 ;OPTIMIZER ADDED SUBROUTINE, CALLED 2 TIMES, CODE SIZE REDUCTION:4 WORDS
                 SUBOPT_0x4:
00039b 89a8      	LDD  R26,Y+16
00039c 89b9      	LDD  R27,Y+16+1
00039d 9614      	ADIW R26,4
00039e 940e 0483 	CALL __GETW1P
0003a0 83ee      	STD  Y+6,R30
0003a1 83ff      	STD  Y+6+1,R31
0003a2 81ae      	LDD  R26,Y+6
0003a3 81bf      	LDD  R27,Y+6+1
0003a4 9508      	RET
                 
                 ;OPTIMIZER ADDED SUBROUTINE, CALLED 2 TIMES, CODE SIZE REDUCTION:2 WORDS
                 SUBOPT_0x5:
0003a5 89a8      	LDD  R26,Y+16
0003a6 89b9      	LDD  R27,Y+16+1
0003a7 9614      	ADIW R26,4
0003a8 940e 0483 	CALL __GETW1P
0003aa 87ea      	STD  Y+10,R30
0003ab 87fb      	STD  Y+10+1,R31
0003ac 9508      	RET
                 
                 ;OPTIMIZER ADDED SUBROUTINE, CALLED 2 TIMES, CODE SIZE REDUCTION:1 WORDS
                 SUBOPT_0x6:
0003ad 01de      	MOVW R26,R28
0003ae 961c      	ADIW R26,12
0003af 940e 046e 	CALL __ADDW2R15
0003b1 940e 0483 	CALL __GETW1P
0003b3 9508      	RET
                 
                 ;OPTIMIZER ADDED SUBROUTINE, CALLED 2 TIMES, CODE SIZE REDUCTION:1 WORDS
                 SUBOPT_0x7:
0003b4 940e 02f1 	CALL __lcd_write_data
0003b6 e0a3      	LDI  R26,LOW(3)
0003b7 e0b0      	LDI  R27,0
0003b8 940c 03c2 	JMP  _delay_ms
                 
                 ;OPTIMIZER ADDED SUBROUTINE, CALLED 3 TIMES, CODE SIZE REDUCTION:7 WORDS
                 SUBOPT_0x8:
0003ba e3a0      	LDI  R26,LOW(48)
0003bb 940e 02dd 	CALL __lcd_write_nibble_G101
                +
0003bd e184     +LDI R24 , LOW ( 276 )
0003be e091     +LDI R25 , HIGH ( 276 )
                +__DELAY_USW_LOOP :
0003bf 9701     +SBIW R24 , 1
0003c0 f7f1     +BRNE __DELAY_USW_LOOP
                 	__DELAY_USW 276
0003c1 9508      	RET
                 
                 
                 	.CSEG
                 _delay_ms:
0003c2 9610      	adiw r26,0
0003c3 f039      	breq __delay_ms1
                 __delay_ms0:
0003c4 95a8      	wdr
                +
0003c5 ec8d     +LDI R24 , LOW ( 0xACD )
0003c6 e09a     +LDI R25 , HIGH ( 0xACD )
                +__DELAY_USW_LOOP :
0003c7 9701     +SBIW R24 , 1
0003c8 f7f1     +BRNE __DELAY_USW_LOOP
                 	__DELAY_USW 0xACD
0003c9 9711      	sbiw r26,1
0003ca f7c9      	brne __delay_ms0
                 __delay_ms1:
0003cb 9508      	ret
                 
                 __ROUND_REPACK:
0003cc 2355      	TST  R21
0003cd f442      	BRPL __REPACK
0003ce 3850      	CPI  R21,0x80
0003cf f411      	BRNE __ROUND_REPACK0
0003d0 ffe0      	SBRS R30,0
0003d1 c004      	RJMP __REPACK
                 __ROUND_REPACK0:
0003d2 9631      	ADIW R30,1
0003d3 1f69      	ADC  R22,R25
0003d4 1f79      	ADC  R23,R25
0003d5 f06b      	BRVS __REPACK1
                 
                 __REPACK:
0003d6 e850      	LDI  R21,0x80
0003d7 2757      	EOR  R21,R23
0003d8 f411      	BRNE __REPACK0
0003d9 935f      	PUSH R21
0003da c03c      	RJMP __ZERORES
                 __REPACK0:
0003db 3f5f      	CPI  R21,0xFF
0003dc f031      	BREQ __REPACK1
0003dd 0f66      	LSL  R22
0003de 0c00      	LSL  R0
0003df 9557      	ROR  R21
0003e0 9567      	ROR  R22
0003e1 2f75      	MOV  R23,R21
0003e2 9508      	RET
                 __REPACK1:
0003e3 935f      	PUSH R21
0003e4 2000      	TST  R0
0003e5 f00a      	BRMI __REPACK2
0003e6 c03c      	RJMP __MAXRES
                 __REPACK2:
0003e7 c035      	RJMP __MINRES
                 
                 __UNPACK:
0003e8 e850      	LDI  R21,0x80
0003e9 2e19      	MOV  R1,R25
0003ea 2215      	AND  R1,R21
0003eb 0f88      	LSL  R24
0003ec 1f99      	ROL  R25
0003ed 2795      	EOR  R25,R21
0003ee 0f55      	LSL  R21
0003ef 9587      	ROR  R24
                 
                 __UNPACK1:
0003f0 e850      	LDI  R21,0x80
0003f1 2e07      	MOV  R0,R23
0003f2 2205      	AND  R0,R21
0003f3 0f66      	LSL  R22
0003f4 1f77      	ROL  R23
0003f5 2775      	EOR  R23,R21
0003f6 0f55      	LSL  R21
0003f7 9567      	ROR  R22
0003f8 9508      	RET
                 
                 __CDF1U:
0003f9 9468      	SET
0003fa c001      	RJMP __CDF1U0
                 __CDF1:
0003fb 94e8      	CLT
                 __CDF1U0:
0003fc 9730      	SBIW R30,0
0003fd 4060      	SBCI R22,0
0003fe 4070      	SBCI R23,0
0003ff f0b1      	BREQ __CDF10
000400 2400      	CLR  R0
000401 f026      	BRTS __CDF11
000402 2377      	TST  R23
000403 f412      	BRPL __CDF11
000404 9400      	COM  R0
000405 d070      	RCALL __ANEGD1
                 __CDF11:
000406 2e17      	MOV  R1,R23
000407 e17e      	LDI  R23,30
000408 2011      	TST  R1
                 __CDF12:
000409 f032      	BRMI __CDF13
00040a 957a      	DEC  R23
00040b 0fee      	LSL  R30
00040c 1fff      	ROL  R31
00040d 1f66      	ROL  R22
00040e 1c11      	ROL  R1
00040f cff9      	RJMP __CDF12
                 __CDF13:
000410 2fef      	MOV  R30,R31
000411 2ff6      	MOV  R31,R22
000412 2d61      	MOV  R22,R1
000413 935f      	PUSH R21
000414 dfc1      	RCALL __REPACK
000415 915f      	POP  R21
                 __CDF10:
000416 9508      	RET
                 
                 __ZERORES:
000417 27ee      	CLR  R30
000418 27ff      	CLR  R31
000419 2766      	CLR  R22
00041a 2777      	CLR  R23
00041b 915f      	POP  R21
00041c 9508      	RET
                 
                 __MINRES:
00041d efef      	SER  R30
00041e efff      	SER  R31
00041f e76f      	LDI  R22,0x7F
000420 ef7f      	SER  R23
000421 915f      	POP  R21
000422 9508      	RET
                 
                 __MAXRES:
000423 efef      	SER  R30
000424 efff      	SER  R31
000425 e76f      	LDI  R22,0x7F
000426 e77f      	LDI  R23,0x7F
000427 915f      	POP  R21
000428 9508      	RET
                 
                 __DIVF21:
000429 935f      	PUSH R21
00042a dfbd      	RCALL __UNPACK
00042b 3870      	CPI  R23,0x80
00042c f421      	BRNE __DIVF210
00042d 2011      	TST  R1
                 __DIVF211:
00042e f40a      	BRPL __DIVF219
00042f cfed      	RJMP __MINRES
                 __DIVF219:
000430 cff2      	RJMP __MAXRES
                 __DIVF210:
000431 3890      	CPI  R25,0x80
000432 f409      	BRNE __DIVF218
                 __DIVF217:
000433 cfe3      	RJMP __ZERORES
                 __DIVF218:
000434 2401      	EOR  R0,R1
000435 9408      	SEC
000436 0b97      	SBC  R25,R23
000437 f41b      	BRVC __DIVF216
000438 f3d4      	BRLT __DIVF217
000439 2000      	TST  R0
00043a cff3      	RJMP __DIVF211
                 __DIVF216:
00043b 2f79      	MOV  R23,R25
00043c 931f      	PUSH R17
00043d 932f      	PUSH R18
00043e 933f      	PUSH R19
00043f 934f      	PUSH R20
000440 2411      	CLR  R1
000441 2711      	CLR  R17
000442 2722      	CLR  R18
000443 2733      	CLR  R19
000444 2744      	CLR  R20
000445 2755      	CLR  R21
000446 e290      	LDI  R25,32
                 __DIVF212:
000447 17ae      	CP   R26,R30
000448 07bf      	CPC  R27,R31
000449 0786      	CPC  R24,R22
00044a 0741      	CPC  R20,R17
00044b f030      	BRLO __DIVF213
00044c 1bae      	SUB  R26,R30
00044d 0bbf      	SBC  R27,R31
00044e 0b86      	SBC  R24,R22
00044f 0b41      	SBC  R20,R17
000450 9408      	SEC
000451 c001      	RJMP __DIVF214
                 __DIVF213:
000452 9488      	CLC
                 __DIVF214:
000453 1f55      	ROL  R21
000454 1f22      	ROL  R18
000455 1f33      	ROL  R19
000456 1c11      	ROL  R1
000457 1faa      	ROL  R26
000458 1fbb      	ROL  R27
000459 1f88      	ROL  R24
00045a 1f44      	ROL  R20
00045b 959a      	DEC  R25
00045c f751      	BRNE __DIVF212
00045d 01f9      	MOVW R30,R18
00045e 2d61      	MOV  R22,R1
00045f 914f      	POP  R20
000460 913f      	POP  R19
000461 912f      	POP  R18
000462 911f      	POP  R17
000463 2366      	TST  R22
000464 f032      	BRMI __DIVF215
000465 0f55      	LSL  R21
000466 1fee      	ROL  R30
000467 1fff      	ROL  R31
000468 1f66      	ROL  R22
000469 957a      	DEC  R23
00046a f243      	BRVS __DIVF217
                 __DIVF215:
00046b df60      	RCALL __ROUND_REPACK
00046c 915f      	POP  R21
00046d 9508      	RET
                 
                 __ADDW2R15:
00046e 2400      	CLR  R0
00046f 0daf      	ADD  R26,R15
000470 1db0      	ADC  R27,R0
000471 9508      	RET
                 
                 __ANEGW1:
000472 95f1      	NEG  R31
000473 95e1      	NEG  R30
000474 40f0      	SBCI R31,0
000475 9508      	RET
                 
                 __ANEGD1:
000476 95f0      	COM  R31
000477 9560      	COM  R22
000478 9570      	COM  R23
000479 95e1      	NEG  R30
00047a 4fff      	SBCI R31,-1
00047b 4f6f      	SBCI R22,-1
00047c 4f7f      	SBCI R23,-1
00047d 9508      	RET
                 
                 __CWD1:
00047e 2f6f      	MOV  R22,R31
00047f 0f66      	ADD  R22,R22
000480 0b66      	SBC  R22,R22
000481 2f76      	MOV  R23,R22
000482 9508      	RET
                 
                 __GETW1P:
000483 91ed      	LD   R30,X+
000484 91fc      	LD   R31,X
000485 9711      	SBIW R26,1
000486 9508      	RET
                 
                 __GETW1PF:
000487 9005      	LPM  R0,Z+
000488 91f4      	LPM  R31,Z
000489 2de0      	MOV  R30,R0
00048a 9508      	RET
                 
                 __PUTPARD1:
00048b 937a      	ST   -Y,R23
00048c 936a      	ST   -Y,R22
00048d 93fa      	ST   -Y,R31
00048e 93ea      	ST   -Y,R30
00048f 9508      	RET
                 
                 __SAVELOCR6:
000490 935a      	ST   -Y,R21
                 __SAVELOCR5:
000491 934a      	ST   -Y,R20
                 __SAVELOCR4:
000492 933a      	ST   -Y,R19
                 __SAVELOCR3:
000493 932a      	ST   -Y,R18
                 __SAVELOCR2:
000494 931a      	ST   -Y,R17
000495 930a      	ST   -Y,R16
000496 9508      	RET
                 
                 __LOADLOCR6:
000497 815d      	LDD  R21,Y+5
                 __LOADLOCR5:
000498 814c      	LDD  R20,Y+4
                 __LOADLOCR4:
000499 813b      	LDD  R19,Y+3
                 __LOADLOCR3:
00049a 812a      	LDD  R18,Y+2
                 __LOADLOCR2:
00049b 8119      	LDD  R17,Y+1
00049c 8108      	LD   R16,Y
00049d 9508      	RET
                 
                 ;END OF CODE MARKER
                 __END_OF_CODE:


RESOURCE USE INFORMATION
------------------------

Notice:
The register and instruction counts are symbol table hit counts,
and hence implicitly used resources are not counted, eg, the
'lpm' instruction without operands implicitly uses r0 and z,
none of which are counted.

x,y,z are separate entities in the symbol table and are
counted separately from r26..r31 here.

.dseg memory usage only counts static data declared with .byte

ATmega32 register use summary:
r0 :  19 r1 :  12 r2 :   0 r3 :   0 r4 :   7 r5 :   3 r6 :   6 r7 :   3 
r8 :   6 r9 :   3 r10:   4 r11:   4 r12:   0 r13:   2 r14:   0 r15:   4 
r16:  34 r17:  29 r18:  34 r19:  12 r20:  15 r21:  44 r22:  34 r23:  25 
r24:  29 r25:  15 r26: 105 r27:  43 r28:  14 r29:   1 r30: 223 r31:  78 
x  :  23 y  : 167 z  :  15 
Registers used: 31 out of 35 (88.6%)

ATmega32 instruction use summary:
.lds  :   0 .lds.l:   0 .sts  :   0 .sts.l:   0 adc   :   3 add   :   4 
adiw  :  28 and   :   2 andi  :   6 asr   :   0 bclr  :   0 bld   :   0 
brbc  :   0 brbs  :   0 brcc  :   0 brcs  :   0 break :   0 breq  :  19 
brge  :   3 brhc  :   0 brhs  :   0 brid  :   0 brie  :   0 brlo  :   9 
brlt  :   1 brmi  :   4 brne  :  35 brpl  :   4 brsh  :   2 brtc  :   0 
brts  :   1 brvc  :   1 brvs  :   2 bset  :   0 bst   :   0 call  :  64 
cbi   :   5 cbr   :   0 clc   :   1 clh   :   0 cli   :   1 cln   :   0 
clr   :  30 cls   :   0 clt   :   1 clv   :   0 clz   :   0 com   :   4 
cp    :   8 cpc   :   8 cpi   :  37 cpse  :   0 dec   :   8 des   :   0 
eor   :   4 fmul  :   0 fmuls :   0 fmulsu:   0 icall :   2 ijmp  :   0 
in    :   2 inc   :   2 jmp   :  23 ld    :  25 ldd   :  77 ldi   : 116 
lds   :   4 lpm   :  14 lsl   :   8 lsr   :   0 mov   :  28 movw  :  27 
mul   :   1 muls  :   0 mulsu :   0 neg   :   3 nop   :   0 or    :   1 
ori   :   7 out   :  42 pop   :  10 push  :   9 rcall :  18 ret   :  34 
reti  :   0 rjmp  :  70 rol   :  16 ror   :   4 sbc   :   6 sbci  :   7 
sbi   :   5 sbic  :   0 sbis  :   0 sbiw  :  20 sbr   :   0 sbrc  :   2 
sbrs  :  11 sec   :   2 seh   :   0 sei   :   0 sen   :   0 ser   :   5 
ses   :   0 set   :   1 sev   :   0 sez   :   0 sleep :   0 spm   :   0 
st    :  60 std   :  31 sts   :   6 sub   :   2 subi  :  16 swap  :   1 
tst   :  11 wdr   :   1 
Instructions used: 69 out of 116 (59.5%)

ATmega32 memory use summary [bytes]:
Segment   Begin    End      Code   Data   Used    Size   Use%
---------------------------------------------------------------
[.cseg] 0x000000 0x00093c   2240    124   2364   32768   7.2%
[.dseg] 0x000060 0x0002d3      0    115    115    2048   5.6%
[.eseg] 0x000000 0x000000      0      0      0    1024   0.0%

Assembly complete, 0 errors, 9 warnings
