RAM Allocation [bytes]
Variable                                                                          Address   Size
------------------------------------------------------------------------------------------------
str                                                                               0x02A3      40
f                                                                                 0x02CB       4
_base_y                                                                           0x02CF       4

EEPROM Allocation [bytes]
Variable                                                                          Address   Size
------------------------------------------------------------------------------------------------

Register Allocation
Variable                                                                          Register  Size
------------------------------------------------------------------------------------------------
sec                                                                               R4,R5        2
min                                                                               R6,R7        2
hour                                                                              R8,R9        2
_lcd_x                                                                            R11          1
_lcd_y                                                                            R10          1
_lcd_maxx                                                                         R13          1

FLASH Allocation [words]
Function                                                                          Address   Size
------------------------------------------------------------------------------------------------
main                                                                              0x00095    160
put_buff_G100                                                                     0x00135     64
_print_G100                                                                       0x00175    308
sprintf                                                                           0x002A9     52
_lcd_write_nibble_G101                                                            0x002DD     20
_lcd_write_data                                                                   0x002F1     12
lcd_gotoxy                                                                        0x002FD     13
lcd_clear                                                                         0x0030A     12
lcd_putchar                                                                       0x00316     21
lcd_puts                                                                          0x0032B     17
lcd_init                                                                          0x0033C     46
strlen                                                                            0x0036A     12
strlenf                                                                           0x00376     13
